2026-09-25 22:37:32.340 [info] Reading sessions from keychain...
2026-09-25 22:37:32.340 [info] Getting sessions for all scopes...
2026-09-25 22:37:32.371 [info] Got stored sessions!
2026-09-25 22:37:32.371 [info] Got 1 verified sessions.
2026-09-25 22:37:32.371 [info] Got 1 sessions for ...
2026-09-25 22:37:32.372 [info] Getting sessions for all scopes...
2026-09-25 22:37:32.372 [info] Got 1 sessions for ...
2026-09-25 22:37:32.462 [info] Getting sessions for all scopes...
2026-09-25 22:37:32.462 [info] Got 1 sessions for ...
2026-09-25 22:37:32.900 [info] Getting sessions for all scopes...
2026-09-25 22:37:32.900 [info] Got 1 sessions for ...
2026-09-25 22:37:32.980 [info] Getting sessions for read:user,repo,user:email,workflow...
2026-09-25 22:37:32.980 [info] Got 1 sessions for read:user,repo,user:email,workflow...
2026-09-25 22:37:33.142 [info] Getting sessions for all scopes...
2026-09-25 22:37:33.142 [info] Got 1 sessions for ...
2026-09-25 22:37:33.441 [info] Getting sessions for all scopes...
2026-09-25 22:37:33.441 [info] Got 1 sessions for ...
2026-09-25 22:37:33.563 [info] Getting sessions for all scopes...
2026-09-25 22:37:33.563 [info] Got 1 sessions for ...
2026-09-25 22:37:33.569 [info] Getting sessions for all scopes...
2026-09-25 22:37:33.569 [info] Got 1 sessions for ...
2026-09-25 22:37:33.808 [info] Getting sessions for all scopes...
2026-09-25 22:37:33.808 [info] Got 1 sessions for ...
2026-09-25 22:37:33.808 [info] Getting sessions for all scopes...
2026-09-25 22:37:33.808 [info] Got 1 sessions for ...
2026-09-25 22:37:35.433 [info] Getting sessions for all scopes...
2026-09-25 22:37:35.433 [info] Got 1 sessions for ...
2026-09-25 22:37:35.435 [info] Getting sessions for all scopes...
2026-09-25 22:37:35.435 [info] Got 1 sessions for ...
