2026-09-25 22:07:03.419 [info] Reading sessions from keychain...
2026-09-25 22:07:03.419 [info] Getting sessions for all scopes...
2026-09-25 22:07:03.419 [info] Got 0 sessions for ...
2026-09-25 22:07:03.419 [info] Getting sessions for all scopes...
2026-09-25 22:07:03.419 [info] Got 0 sessions for ...
2026-09-25 22:07:03.419 [info] Getting sessions for all scopes...
2026-09-25 22:07:03.419 [info] Got 0 sessions for ...
2026-09-25 22:07:03.419 [info] Getting sessions for all scopes...
2026-09-25 22:07:03.419 [info] Got 0 sessions for ...
2026-09-25 22:07:03.419 [info] Getting sessions for all scopes...
2026-09-25 22:07:03.419 [info] Got 0 sessions for ...
2026-09-25 22:07:05.370 [info] Getting sessions for all scopes...
2026-09-25 22:07:05.370 [info] Got 0 sessions for ...
2026-09-25 22:08:52.869 [info] Reading sessions from keychain...
2026-09-25 22:08:52.869 [info] Getting sessions for all scopes...
2026-09-25 22:08:52.874 [info] Got 0 sessions for ...
2026-09-25 22:08:52.874 [info] Getting sessions for all scopes...
2026-09-25 22:08:52.874 [info] Got 0 sessions for ...
2026-09-25 22:08:52.876 [info] Getting sessions for all scopes...
2026-09-25 22:08:52.876 [info] Got 0 sessions for ...
2026-09-25 22:08:52.896 [info] Getting sessions for all scopes...
2026-09-25 22:08:52.896 [info] Got 0 sessions for ...
2026-09-25 22:08:54.799 [info] Getting sessions for all scopes...
2026-09-25 22:08:54.800 [info] Got 0 sessions for ...
2026-09-25 22:08:55.903 [info] Getting sessions for read:user,repo,user:email,workflow...
2026-09-25 22:08:55.903 [info] Got 0 sessions for read:user,repo,user:email,workflow...
2026-09-25 22:10:27.881 [info] Getting sessions for read:user,repo,user:email,workflow...
2026-09-25 22:10:27.881 [info] Got 0 sessions for read:user,repo,user:email,workflow...
2026-09-25 22:10:29.506 [info] Logging in with 'any' account...
2026-09-25 22:10:29.506 [info] Logging in for the following scopes: read:user repo user:email workflow
2026-09-25 22:10:29.517 [info] Trying device code flow... (read:user repo user:email workflow)
2026-09-25 22:10:47.647 [info] Getting user info...
2026-09-25 22:10:48.257 [info] Got account info!
2026-09-25 22:10:48.258 [info] Storing 1 sessions...
2026-09-25 22:10:50.373 [info] Reading sessions from keychain...
2026-09-25 22:10:50.374 [info] Stored 1 sessions!
2026-09-25 22:10:50.374 [info] Login success!
2026-09-25 22:10:50.376 [info] Got stored sessions!
2026-09-25 22:10:50.376 [info] Got 1 verified sessions.
2026-09-25 22:10:50.378 [info] Getting sessions for read:user,repo,user:email...
2026-09-25 22:10:50.378 [info] Got 0 sessions for read:user,repo,user:email...
2026-09-25 22:10:50.378 [info] Getting sessions for read:user,repo,user:email,workflow...
2026-09-25 22:10:50.378 [info] Got 1 sessions for read:user,repo,user:email,workflow...
2026-09-25 22:10:50.424 [info] Getting sessions for read:user,repo,user:email...
2026-09-25 22:10:50.424 [info] Got 0 sessions for read:user,repo,user:email...
2026-09-25 22:10:50.476 [info] Getting sessions for all scopes...
2026-09-25 22:10:50.476 [info] Got 1 sessions for ...
2026-09-25 22:10:50.476 [info] Getting sessions for all scopes...
2026-09-25 22:10:50.476 [info] Got 1 sessions for ...
2026-09-25 22:11:01.236 [info] Getting sessions for all scopes...
2026-09-25 22:11:01.236 [info] Got 1 sessions for ...
2026-09-25 22:11:01.237 [info] Getting sessions for all scopes...
2026-09-25 22:11:01.237 [info] Got 1 sessions for ...
2026-09-25 22:11:32.806 [info] Getting sessions for all scopes...
2026-09-25 22:11:32.806 [info] Got 1 sessions for ...
2026-09-25 22:11:32.807 [info] Getting sessions for all scopes...
2026-09-25 22:11:32.807 [info] Got 1 sessions for ...
2026-09-25 22:11:36.239 [info] Getting sessions for all scopes...
2026-09-25 22:11:36.239 [info] Got 1 sessions for ...
2026-09-25 22:11:36.241 [info] Getting sessions for all scopes...
2026-09-25 22:11:36.241 [info] Got 1 sessions for ...
2026-09-25 22:12:37.625 [info] Getting sessions for all scopes...
2026-09-25 22:12:37.625 [info] Got 1 sessions for ...
2026-09-25 22:12:57.667 [info] Getting sessions for all scopes...
2026-09-25 22:12:57.667 [info] Got 1 sessions for ...
2026-09-25 22:13:00.254 [info] Getting sessions for all scopes...
2026-09-25 22:13:00.255 [info] Got 1 sessions for ...
2026-09-25 22:13:44.279 [info] Getting sessions for read:user,repo,user:email,workflow...
2026-09-25 22:13:44.279 [info] Got 1 sessions for read:user,repo,user:email,workflow...
2026-09-25 22:15:17.868 [info] Getting sessions for all scopes...
2026-09-25 22:15:17.869 [info] Got 1 sessions for ...
2026-09-25 22:15:17.870 [info] Getting sessions for all scopes...
2026-09-25 22:15:17.870 [info] Got 1 sessions for ...
2026-09-25 22:15:34.828 [info] Getting sessions for all scopes...
2026-09-25 22:15:34.828 [info] Got 1 sessions for ...
2026-09-25 22:15:34.872 [info] Getting sessions for all scopes...
2026-09-25 22:15:34.872 [info] Got 1 sessions for ...
2026-09-25 22:15:34.874 [info] Getting sessions for all scopes...
2026-09-25 22:15:34.874 [info] Got 1 sessions for ...
2026-09-25 22:15:43.917 [info] Getting sessions for all scopes...
2026-09-25 22:15:43.917 [info] Got 1 sessions for ...
2026-09-25 22:15:43.918 [info] Getting sessions for all scopes...
2026-09-25 22:15:43.919 [info] Got 1 sessions for ...
2026-09-25 22:15:53.289 [info] Getting sessions for all scopes...
2026-09-25 22:15:53.289 [info] Got 1 sessions for ...
2026-09-25 22:15:53.290 [info] Getting sessions for all scopes...
2026-09-25 22:15:53.290 [info] Got 1 sessions for ...
2026-09-25 22:16:00.224 [info] Getting sessions for all scopes...
2026-09-25 22:16:00.225 [info] Got 1 sessions for ...
2026-09-25 22:16:00.225 [info] Getting sessions for all scopes...
2026-09-25 22:16:00.225 [info] Got 1 sessions for ...
2026-09-25 22:16:24.846 [info] Getting sessions for read:user,repo,user:email,workflow...
2026-09-25 22:16:24.846 [info] Got 1 sessions for read:user,repo,user:email,workflow...
2026-09-25 22:16:33.336 [info] Getting sessions for all scopes...
2026-09-25 22:16:33.336 [info] Got 1 sessions for ...
2026-09-25 22:16:33.337 [info] Getting sessions for all scopes...
2026-09-25 22:16:33.337 [info] Got 1 sessions for ...
2026-09-25 22:16:49.051 [info] Getting sessions for read:user,repo,user:email,workflow...
2026-09-25 22:16:49.051 [info] Got 1 sessions for read:user,repo,user:email,workflow...
2026-09-25 22:17:00.249 [info] Getting sessions for all scopes...
2026-09-25 22:17:00.249 [info] Got 1 sessions for ...
2026-09-25 22:17:00.249 [info] Getting sessions for all scopes...
2026-09-25 22:17:00.250 [info] Got 1 sessions for ...
2026-09-25 22:17:06.835 [info] Getting sessions for all scopes...
2026-09-25 22:17:06.836 [info] Got 1 sessions for ...
2026-09-25 22:17:06.837 [info] Getting sessions for all scopes...
2026-09-25 22:17:06.837 [info] Got 1 sessions for ...
2026-09-25 22:17:13.976 [info] Getting sessions for all scopes...
2026-09-25 22:17:13.976 [info] Got 1 sessions for ...
2026-09-25 22:17:13.977 [info] Getting sessions for all scopes...
2026-09-25 22:17:13.977 [info] Got 1 sessions for ...
2026-09-25 22:17:18.094 [info] Getting sessions for all scopes...
2026-09-25 22:17:18.094 [info] Got 1 sessions for ...
2026-09-25 22:17:18.096 [info] Getting sessions for all scopes...
2026-09-25 22:17:18.096 [info] Got 1 sessions for ...
2026-09-25 22:17:44.288 [info] Getting sessions for read:user,repo,user:email,workflow...
2026-09-25 22:17:44.288 [info] Got 1 sessions for read:user,repo,user:email,workflow...
2026-09-25 22:18:19.595 [info] Getting sessions for all scopes...
2026-09-25 22:18:19.595 [info] Got 1 sessions for ...
2026-09-25 22:18:19.595 [info] Getting sessions for all scopes...
2026-09-25 22:18:19.595 [info] Got 1 sessions for ...
2026-09-25 22:24:55.123 [info] Getting sessions for all scopes...
2026-09-25 22:24:55.123 [info] Got 1 sessions for ...
2026-09-25 22:24:55.123 [info] Getting sessions for all scopes...
2026-09-25 22:24:55.123 [info] Got 1 sessions for ...
2026-09-25 22:25:01.274 [info] Getting sessions for all scopes...
2026-09-25 22:25:01.274 [info] Got 1 sessions for ...
2026-09-25 22:25:01.275 [info] Getting sessions for all scopes...
2026-09-25 22:25:01.275 [info] Got 1 sessions for ...
2026-09-25 22:25:47.579 [info] Getting sessions for all scopes...
2026-09-25 22:25:47.579 [info] Got 1 sessions for ...
2026-09-25 22:25:47.580 [info] Getting sessions for all scopes...
2026-09-25 22:25:47.580 [info] Got 1 sessions for ...
2026-09-25 22:26:10.445 [info] Getting sessions for all scopes...
2026-09-25 22:26:10.445 [info] Got 1 sessions for ...
2026-09-25 22:26:10.445 [info] Getting sessions for all scopes...
2026-09-25 22:26:10.445 [info] Got 1 sessions for ...
2026-09-25 22:26:47.949 [info] Getting sessions for read:user,repo,user:email,workflow...
2026-09-25 22:26:47.949 [info] Got 1 sessions for read:user,repo,user:email,workflow...
2026-09-25 22:26:55.630 [info] Getting sessions for all scopes...
2026-09-25 22:26:55.630 [info] Got 1 sessions for ...
2026-09-25 22:26:55.630 [info] Getting sessions for all scopes...
2026-09-25 22:26:55.630 [info] Got 1 sessions for ...
