2026-09-25 22:37:31.723 [info] [main] Log level: Info
2026-09-25 22:37:31.723 [info] [main] Validating found git in: "git"
2026-09-25 22:37:31.723 [info] [main] Using git "2.54.0" from "git"
2026-09-25 22:37:31.723 [info] [Model][doInitialScan] Initial repository scan started
2026-09-25 22:37:31.723 [info] > git rev-parse --show-toplevel [16ms]
2026-09-25 22:37:31.723 [info] fatal: not a git repository (or any of the parent directories): .git
2026-09-25 22:37:31.723 [info] > git rev-parse --show-toplevel [2ms]
2026-09-25 22:37:31.723 [info] fatal: not a git repository (or any of the parent directories): .git
2026-09-25 22:37:31.723 [info] > git rev-parse --show-toplevel [1ms]
2026-09-25 22:37:31.723 [info] fatal: not a git repository (or any of the parent directories): .git
2026-09-25 22:37:31.723 [info] > git rev-parse --show-toplevel [2ms]
2026-09-25 22:37:31.723 [info] fatal: not a git repository (or any of the parent directories): .git
2026-09-25 22:37:31.723 [info] > git rev-parse --show-toplevel [2ms]
2026-09-25 22:37:31.723 [info] fatal: not a git repository (or any of the parent directories): .git
2026-09-25 22:37:31.723 [info] > git rev-parse --show-toplevel [1ms]
2026-09-25 22:37:31.723 [info] fatal: not a git repository (or any of the parent directories): .git
2026-09-25 22:37:31.723 [info] > git rev-parse --show-toplevel [0ms]
2026-09-25 22:37:31.723 [info] fatal: not a git repository (or any of the parent directories): .git
2026-09-25 22:37:31.723 [info] > git rev-parse --show-toplevel [1ms]
2026-09-25 22:37:31.723 [info] fatal: not a git repository (or any of the parent directories): .git
2026-09-25 22:37:31.723 [info] > git rev-parse --show-toplevel [1ms]
2026-09-25 22:37:31.723 [info] fatal: not a git repository (or any of the parent directories): .git
2026-09-25 22:37:31.723 [info] > git rev-parse --show-toplevel [2ms]
2026-09-25 22:37:31.723 [info] fatal: not a git repository (or any of the parent directories): .git
2026-09-25 22:37:31.723 [info] > git rev-parse --show-toplevel [13ms]
2026-09-25 22:37:31.723 [info] fatal: not a git repository (or any of the parent directories): .git
2026-09-25 22:37:31.948 [info] > git rev-parse --show-toplevel [225ms]
2026-09-25 22:37:31.948 [info] fatal: not a git repository (or any of the parent directories): .git
2026-09-25 22:37:32.141 [info] > git rev-parse --show-toplevel [22ms]
2026-09-25 22:37:32.141 [info] fatal: not a git repository (or any of the parent directories): .git
2026-09-25 22:37:32.149 [info] > git rev-parse --show-toplevel [3ms]
2026-09-25 22:37:32.149 [info] fatal: not a git repository (or any of the parent directories): .git
2026-09-25 22:37:32.155 [info] > git rev-parse --show-toplevel [1ms]
2026-09-25 22:37:32.155 [info] fatal: not a git repository (or any of the parent directories): .git
2026-09-25 22:37:32.163 [info] > git rev-parse --show-toplevel [4ms]
2026-09-25 22:37:32.163 [info] fatal: not a git repository (or any of the parent directories): .git
2026-09-25 22:37:32.170 [info] > git rev-parse --show-toplevel [2ms]
2026-09-25 22:37:32.170 [info] fatal: not a git repository (or any of the parent directories): .git
2026-09-25 22:37:32.179 [info] > git rev-parse --show-toplevel [4ms]
2026-09-25 22:37:32.179 [info] fatal: not a git repository (or any of the parent directories): .git
2026-09-25 22:37:32.189 [info] > git rev-parse --show-toplevel [3ms]
2026-09-25 22:37:32.189 [info] fatal: not a git repository (or any of the parent directories): .git
2026-09-25 22:37:32.195 [info] > git rev-parse --show-toplevel [1ms]
2026-09-25 22:37:32.195 [info] fatal: not a git repository (or any of the parent directories): .git
2026-09-25 22:37:32.200 [info] > git rev-parse --show-toplevel [2ms]
2026-09-25 22:37:32.200 [info] fatal: not a git repository (or any of the parent directories): .git
2026-09-25 22:37:32.205 [info] > git rev-parse --show-toplevel [1ms]
2026-09-25 22:37:32.205 [info] fatal: not a git repository (or any of the parent directories): .git
2026-09-25 22:37:32.210 [info] > git rev-parse --show-toplevel [1ms]
2026-09-25 22:37:32.210 [info] fatal: not a git repository (or any of the parent directories): .git
2026-09-25 22:37:32.215 [info] > git rev-parse --show-toplevel [2ms]
2026-09-25 22:37:32.215 [info] fatal: not a git repository (or any of the parent directories): .git
2026-09-25 22:37:32.215 [info] [Model][doInitialScan] Initial repository scan completed - repositories (0), closed repositories (0), parent repositories (0), unsafe repositories (0)
2026-09-25 22:37:32.221 [info] > git rev-parse --show-toplevel [1ms]
2026-09-25 22:37:32.221 [info] fatal: not a git repository (or any of the parent directories): .git
2026-09-25 22:37:33.133 [info] > git rev-parse --show-toplevel [2ms]
2026-09-25 22:37:33.133 [info] fatal: not a git repository (or any of the parent directories): .git
2026-09-25 22:37:35.671 [info] > git rev-parse --show-toplevel [1ms]
2026-09-25 22:37:35.671 [info] fatal: not a git repository (or any of the parent directories): .git
