2026-09-25 22:37:31.508 [info] Reading sessions from keychain...
2026-09-25 22:37:31.508 [info] Getting sessions for all scopes...
2026-09-25 22:37:31.514 [info] Got stored sessions!
2026-09-25 22:37:31.515 [info] Got 1 verified sessions.
2026-09-25 22:37:31.515 [info] Got 1 sessions for ...
2026-09-25 22:37:31.515 [info] Getting sessions for all scopes...
2026-09-25 22:37:31.515 [info] Got 1 sessions for ...
2026-09-25 22:37:31.562 [info] Getting sessions for all scopes...
2026-09-25 22:37:31.562 [info] Got 1 sessions for ...
2026-09-25 22:37:31.571 [info] Getting sessions for all scopes...
2026-09-25 22:37:31.571 [info] Got 1 sessions for ...
2026-09-25 22:37:31.677 [info] Getting sessions for all scopes...
2026-09-25 22:37:31.677 [info] Got 1 sessions for ...
2026-09-25 22:37:31.717 [info] Getting sessions for all scopes...
2026-09-25 22:37:31.717 [info] Got 1 sessions for ...
2026-09-25 22:37:32.104 [info] Getting sessions for all scopes...
2026-09-25 22:37:32.104 [info] Got 1 sessions for ...
2026-09-25 22:37:33.186 [info] Getting sessions for all scopes...
2026-09-25 22:37:33.186 [info] Got 1 sessions for ...
2026-09-25 22:37:33.196 [info] Getting sessions for all scopes...
2026-09-25 22:37:33.196 [info] Got 1 sessions for ...
