2026-09-25 22:08:38.822 [info] To enable debug logging, run "GitLens: Enable Debug Logging" or "Developer: Set Log Level..." from the Command Palette
2026-09-25 22:08:38.822 [info]    [            1] GitLens v19.2.0  activating in VSCodium (1.116.0) on the desktop; mode=production,language='en', logLevel='info', defaultDateLocale='null' (vscodium|someValue.machineId|someValue.sessionId)
2026-09-25 22:08:38.822 [info]    GitLens first-time install; window.focused=true
2026-09-25 22:08:38.822 [info]    [            1] GitLens v19.2.0 activated [80ms]
2026-09-25 22:08:38.822 [info]    [IPC          ] CLI capability published on http://127.0.0.1:45557
2026-09-25 22:08:38.858 [info]    WebviewsController.resolveWebviewView(gitlens.views.graph|18d8e6a2-246e-4d2b-8e17-4be1fe31c386): hasRestoreState=false, parentVisible=true
2026-09-25 22:08:38.879 [info]    WebviewsController.resolveWebviewView(gitlens.views.welcome|c99bd79e-b0e8-4fb6-bead-5d8cc81487c5): hasRestoreState=false, parentVisible=true
2026-09-25 22:08:38.887 [info]    WebviewController(gitlens.views.welcome|c99bd79e-b0e8-4fb6-bead-5d8cc81487c5): webview.html set (reason=show:loading, length=2364)
2026-09-25 22:08:39.103 [info]    WebviewController(gitlens.views.welcome|c99bd79e-b0e8-4fb6-bead-5d8cc81487c5): webview.connect #1 (clientId=wv-puoc73kj, clientLoadedAt=1790356119060, sinceLastHtmlSet=216ms, wasAlreadyReady=false, parentVisible=true)
2026-09-25 22:08:39.720 [info]    WebviewController(gitlens.views.graph|18d8e6a2-246e-4d2b-8e17-4be1fe31c386): webview.html set (reason=show:loading, length=3439)
2026-09-25 22:08:39.755 [info]    WebviewController(gitlens.welcome|e3ca4a7a-e399-4a10-93eb-0d707bbb5fb0): webview.html set (reason=show:loading, length=2354)
2026-09-25 22:08:39.765 [info]    WebviewController(gitlens.welcome|e3ca4a7a-e399-4a10-93eb-0d707bbb5fb0): webview.html set (reason=refresh:apply, length=2354)
2026-09-25 22:08:39.998 [info]    WebviewController(gitlens.welcome|e3ca4a7a-e399-4a10-93eb-0d707bbb5fb0): webview.connect #1 (clientId=wv-7485iv69, clientLoadedAt=1790356119950, sinceLastHtmlSet=233ms, wasAlreadyReady=false, parentVisible=true)
2026-09-25 22:08:41.752 [info]    [  111 →   113] CliBinaryInstaller.install Starting CLI installation (attempt 1/5)
2026-09-25 22:08:41.826 [error]   [CLI  ad → 118] undefined agents list --json CLI is not installed [0ms]
2026-09-25 22:08:41.826 [error] Error: CLI is not installed   Failed to get agent list from CLI
2026-09-25 22:08:44.081 [error] Error: Failed to extract proxy: ETXTBSY: text file is busy, open '/home/yusufbek/.config/VSCodium/User/globalStorage/eamodio.gitlens/gk'   [  111 →   113] CliBinaryInstaller.install Failed to auto-install CLI: Failed to extract proxy: ETXTBSY: text file is busy, open '/home/yusufbek/.config/VSCodium/User/globalStorage/eamodio.gitlens/gk'
2026-09-25 22:08:44.083 [warning] [  111 →   113] CliBinaryInstaller.install(e=true, t=gk-cli-integration, i=false) returned {"cliVersion":"3.1.75","cliPath":"/home/yusufbek/.config/VSCodium/User/globalStorage/eamodio.gitlens","status":"attempted","changed":false} [*2333ms] (slow)
2026-09-25 22:08:44.083 [warning] [   8f →   111] CliBinaryInstaller.ensureUpdateOrInstall completed [*2336ms] (slow)
2026-09-25 22:08:53.188 [info] To enable debug logging, run "GitLens: Enable Debug Logging" or "Developer: Set Log Level..." from the Command Palette
2026-09-25 22:08:53.188 [info]    [            1] GitLens v19.2.0  activating in VSCodium (1.116.0) on the desktop; mode=production,language='en', logLevel='info', defaultDateLocale='null' (vscodium|someValue.machineId|someValue.sessionId)
2026-09-25 22:08:53.188 [info]    [            1] GitLens v19.2.0 activated [78ms]
2026-09-25 22:08:53.188 [info]    [IPC          ] CLI capability published on http://127.0.0.1:36691
2026-09-25 22:08:53.238 [info]    [   79 →    7a] GlCliGitProvider.findGit Git (2.54.0) found in /run/current-system/sw/bin/git [147ms]
2026-09-25 22:08:53.239 [info]    [   79 →    a9] GlCliGitProvider.repositorySearch(/home/yusufbek/Documents/nixos-dots) searching (depth=1)...
2026-09-25 22:08:55.654 [info]    [   d0 →    d2] GlCliGitProvider.repositorySearch(/home/yusufbek/Documents/nixos-dots) searching (depth=1)...
2026-09-25 22:08:55.660 [info]    [GIT       6ms] [/home/yusufbek/Documents/nixos-dots] git rev-parse --show-toplevel --git-dir --git-common-dir --show-superproject-working-tree [6ms]
2026-09-25 22:08:55.662 [info]    [   d0 →    d2] GlCliGitProvider.repositorySearch(/home/yusufbek/Documents/nixos-dots) found root repository in '/home/yusufbek/Documents/nixos-dots'
2026-09-25 22:08:55.683 [info]    [GIT      10ms] [/home/yusufbek/Documents/nixos-dots] git for-each-ref --format=%1E%(HEAD)%1D%(refname)%1D%(objectname)%1D%(*objectname)%1D%(upstream)%1D%(upstream:track)%1D%(committerdate:iso8601)%1D%(creatordate:iso8601)%1D%(authordate:iso8601)%1D%(subject)%1D%(worktreepath)%1D refs/heads/ refs/remotes/ refs/tags/ refs/replace/ [10ms]
2026-09-25 22:08:55.684 [info]    [GIT      12ms] [/home/yusufbek/Documents/nixos-dots] git worktree list --porcelain [12ms]
2026-09-25 22:08:55.684 [info]    [GIT      17ms] [/home/yusufbek/Documents/nixos-dots] git remote -v [17ms]
2026-09-25 22:08:55.699 [info]    [GIT      10ms] [/home/yusufbek/Documents/nixos-dots] git config --get-regex ^branch\..*\.gk- [10ms]
2026-09-25 22:08:55.705 [info]    [GIT       4ms] [/home/yusufbek/Documents/nixos-dots] git config --get-regex -f /home/yusufbek/Documents/nixos-dots/.git/gk/config . [4ms]
2026-09-25 22:08:55.722 [info]    [GIT      14ms] [/home/yusufbek/Documents/nixos-dots] git config --local --get-regex ^(extensions\.partialclone|remote\..*\.promisor)$ [14ms]
2026-09-25 22:08:55.722 [info]    [GIT      14ms] [/home/yusufbek/Documents/nixos-dots] git config --global --get-all maintenance.repo [14ms]
2026-09-25 22:08:55.726 [info]    [GIT      19ms] [/home/yusufbek/Documents/nixos-dots] git config --get-regex ^(core\.fsmonitor|core\.untrackedcache|core\.commitgraph|core\.multipackindex|core\.sparsecheckout|core\.sparsecheckoutcone|core\.splitindex|extensions\.refstorage|feature\.manyfiles|index\.sparse|maintenance\.incremental-repack\.auto)$ [19ms]
2026-09-25 22:08:55.762 [info]    [GIT      39ms] [/home/yusufbek/Documents/nixos-dots] git worktree list --porcelain [39ms]
2026-09-25 22:08:55.807 [info]    [GIT      14ms] [/home/yusufbek/Documents/nixos-dots] git config --local --get-regex ^(extensions\.partialclone|remote\..*\.promisor)$ [14ms]
2026-09-25 22:08:55.808 [info]    [GIT      14ms] [/home/yusufbek/Documents/nixos-dots] git config --get-regex ^(core\.fsmonitor|core\.untrackedcache|core\.commitgraph|core\.multipackindex|core\.sparsecheckout|core\.sparsecheckoutcone|core\.splitindex|extensions\.refstorage|feature\.manyfiles|index\.sparse|maintenance\.incremental-repack\.auto)$ [14ms]
2026-09-25 22:08:55.808 [info]    [GIT      19ms] [/home/yusufbek/Documents/nixos-dots] git config --type=bool --get core.commitGraph [19ms]
2026-09-25 22:08:55.822 [info]    [GIT      13ms] [/home/yusufbek/Documents/nixos-dots] git config --local --get-regex ^(extensions\.partialclone|remote\..*\.promisor)$ [13ms]
2026-09-25 22:08:55.849 [info]    [GIT      27ms] [/home/yusufbek/Documents/nixos-dots] git commit-graph write --reachable --split --changed-paths --max-new-filters=512 [27ms]
2026-09-25 22:08:55.861 [info]    [GIT      10ms] [/home/yusufbek/Documents/nixos-dots] git config --get-regex ^(core\.fsmonitor|core\.untrackedcache|core\.commitgraph|core\.multipackindex|core\.sparsecheckout|core\.sparsecheckoutcone|core\.splitindex|extensions\.refstorage|feature\.manyfiles|index\.sparse|maintenance\.incremental-repack\.auto)$ [10ms]
2026-09-25 22:08:55.864 [info]    [GIT      13ms] [/home/yusufbek/Documents/nixos-dots] git config --local --get-regex ^(extensions\.partialclone|remote\..*\.promisor)$ [13ms]
2026-09-25 22:08:56.147 [info]    [CLI          ] CLI core version is 3.1.75
2026-09-25 22:08:56.321 [info]    [GIT       7ms] [/home/yusufbek/Documents/nixos-dots] git worktree list --porcelain [7ms]
2026-09-25 22:08:56.322 [info]    [GIT       8ms] [/home/yusufbek/Documents/nixos-dots] git for-each-ref --format=%1E%(HEAD)%1D%(refname)%1D%(objectname)%1D%(*objectname)%1D%(upstream)%1D%(upstream:track)%1D%(committerdate:iso8601)%1D%(creatordate:iso8601)%1D%(authordate:iso8601)%1D%(subject)%1D%(worktreepath)%1D refs/heads/ refs/remotes/ refs/tags/ refs/replace/ [8ms]
2026-09-25 22:08:58.328 [info]    [GIT      12ms] [/home/yusufbek/Documents/nixos-dots] git config --get-regex ^(core\.fsmonitor|core\.untrackedcache|core\.commitgraph|core\.multipackindex|core\.sparsecheckout|core\.sparsecheckoutcone|core\.splitindex|extensions\.refstorage|feature\.manyfiles|index\.sparse|maintenance\.incremental-repack\.auto)$ [12ms]
2026-09-25 22:08:58.329 [info]    [GIT      13ms] [/home/yusufbek/Documents/nixos-dots] git config --local --get-regex ^(extensions\.partialclone|remote\..*\.promisor)$ [13ms]
2026-09-25 22:08:58.342 [info]    [GIT      10ms] [/home/yusufbek/Documents/nixos-dots] git config --get-regex ^(core\.fsmonitor|core\.untrackedcache|core\.commitgraph|core\.multipackindex|core\.sparsecheckout|core\.sparsecheckoutcone|core\.splitindex|extensions\.refstorage|feature\.manyfiles|index\.sparse|maintenance\.incremental-repack\.auto)$ [10ms]
2026-09-25 22:08:58.342 [info]    [GIT      10ms] [/home/yusufbek/Documents/nixos-dots] git config --local --get-regex ^(extensions\.partialclone|remote\..*\.promisor)$ [10ms]
2026-09-25 22:09:08.693 [warning] [   89 →   15f] IpcServer.onRequest IPC handler for /ping unauthorized
2026-09-25 22:09:08.696 [warning] [   89 →   160] IpcServer.onRequest IPC handler for /ping unauthorized
2026-09-25 22:09:30.697 [info]    [GIT      24ms] [/home/yusufbek/Documents/nixos-dots] git rev-list --max-parents=0 HEAD -- [24ms]
2026-09-25 22:09:30.699 [info]    [GIT      25ms] [/home/yusufbek/Documents/nixos-dots] git remote -v [25ms]
2026-09-25 22:09:30.703 [info]    [  17a →   17b] LocalSharedGkStorageLocationProvider.load Using shared GK path: /home/yusufbek/.local/share/gk
2026-09-25 22:09:33.285 [info]    [GIT       9ms] [/home/yusufbek/Documents/nixos-dots] git remote -v [9ms]
2026-09-25 22:09:33.302 [info]    [GIT      15ms] [/home/yusufbek/Documents/nixos-dots] git worktree list --porcelain [15ms]
2026-09-25 22:09:33.304 [info]    [GIT      17ms] [/home/yusufbek/Documents/nixos-dots] git for-each-ref --format=%1E%(HEAD)%1D%(refname)%1D%(objectname)%1D%(*objectname)%1D%(upstream)%1D%(upstream:track)%1D%(committerdate:iso8601)%1D%(creatordate:iso8601)%1D%(authordate:iso8601)%1D%(subject)%1D%(worktreepath)%1D refs/heads/ refs/remotes/ refs/tags/ refs/replace/ [17ms]
2026-09-25 22:09:36.854 [info]    [GIT      20ms] [/home/yusufbek/Documents/nixos-dots] git config --global --get-all maintenance.repo [20ms]
2026-09-25 22:09:36.860 [info]    [GIT      26ms] [/home/yusufbek/Documents/nixos-dots] git config --get-regex ^(core\.fsmonitor|core\.untrackedcache|core\.commitgraph|core\.multipackindex|core\.sparsecheckout|core\.sparsecheckoutcone|core\.splitindex|extensions\.refstorage|feature\.manyfiles|index\.sparse|maintenance\.incremental-repack\.auto)$ [26ms]
2026-09-25 22:09:36.861 [info]    [GIT      27ms] [/home/yusufbek/Documents/nixos-dots] git config --local --get-regex ^(extensions\.partialclone|remote\..*\.promisor)$ [27ms]
2026-09-25 22:09:36.861 [info]    [GIT       7ms] [/home/yusufbek/Documents/nixos-dots] git worktree list --porcelain [7ms]
2026-09-25 22:09:36.878 [info]    [GIT      14ms] [/home/yusufbek/Documents/nixos-dots] git config --get-regex ^(core\.fsmonitor|core\.untrackedcache|core\.commitgraph|core\.multipackindex|core\.sparsecheckout|core\.sparsecheckoutcone|core\.splitindex|extensions\.refstorage|feature\.manyfiles|index\.sparse|maintenance\.incremental-repack\.auto)$ [14ms]
2026-09-25 22:09:36.880 [info]    [GIT      15ms] [/home/yusufbek/Documents/nixos-dots] git config --local --get-regex ^(extensions\.partialclone|remote\..*\.promisor)$ [15ms]
2026-09-25 22:09:51.460 [info]    [GIT      16ms] [/home/yusufbek/Documents/nixos-dots] git config --get-regex ^(core\.fsmonitor|core\.untrackedcache|core\.commitgraph|core\.multipackindex|core\.sparsecheckout|core\.sparsecheckoutcone|core\.splitindex|extensions\.refstorage|feature\.manyfiles|index\.sparse|maintenance\.incremental-repack\.auto)$ [16ms]
2026-09-25 22:09:51.461 [info]    [GIT      16ms] [/home/yusufbek/Documents/nixos-dots] git config --local --get-regex ^(extensions\.partialclone|remote\..*\.promisor)$ [16ms]
2026-09-25 22:09:51.478 [info]    [GIT      13ms] [/home/yusufbek/Documents/nixos-dots] git config --get-regex ^(core\.fsmonitor|core\.untrackedcache|core\.commitgraph|core\.multipackindex|core\.sparsecheckout|core\.sparsecheckoutcone|core\.splitindex|extensions\.refstorage|feature\.manyfiles|index\.sparse|maintenance\.incremental-repack\.auto)$ [13ms]
2026-09-25 22:09:51.479 [info]    [GIT      13ms] [/home/yusufbek/Documents/nixos-dots] git config --local --get-regex ^(extensions\.partialclone|remote\..*\.promisor)$ [13ms]
2026-09-25 22:10:19.796 [info]    [GIT      13ms] [/home/yusufbek/Documents/nixos-dots] git worktree list --porcelain [13ms]
2026-09-25 22:10:19.798 [info]    [GIT      13ms] [/home/yusufbek/Documents/nixos-dots] git for-each-ref --format=%1E%(HEAD)%1D%(refname)%1D%(objectname)%1D%(*objectname)%1D%(upstream)%1D%(upstream:track)%1D%(committerdate:iso8601)%1D%(creatordate:iso8601)%1D%(authordate:iso8601)%1D%(subject)%1D%(worktreepath)%1D refs/heads/ refs/remotes/ refs/tags/ refs/replace/ [13ms]
2026-09-25 22:10:21.805 [info]    [GIT      20ms] [/home/yusufbek/Documents/nixos-dots] git config --global --get-all maintenance.repo [20ms]
2026-09-25 22:10:21.811 [info]    [GIT      26ms] [/home/yusufbek/Documents/nixos-dots] git config --get-regex ^(core\.fsmonitor|core\.untrackedcache|core\.commitgraph|core\.multipackindex|core\.sparsecheckout|core\.sparsecheckoutcone|core\.splitindex|extensions\.refstorage|feature\.manyfiles|index\.sparse|maintenance\.incremental-repack\.auto)$ [26ms]
2026-09-25 22:10:21.812 [info]    [GIT      26ms] [/home/yusufbek/Documents/nixos-dots] git config --local --get-regex ^(extensions\.partialclone|remote\..*\.promisor)$ [26ms]
2026-09-25 22:10:21.813 [info]    [GIT       6ms] [/home/yusufbek/Documents/nixos-dots] git worktree list --porcelain [6ms]
2026-09-25 22:10:21.826 [info]    [GIT      11ms] [/home/yusufbek/Documents/nixos-dots] git config --get-regex ^(core\.fsmonitor|core\.untrackedcache|core\.commitgraph|core\.multipackindex|core\.sparsecheckout|core\.sparsecheckoutcone|core\.splitindex|extensions\.refstorage|feature\.manyfiles|index\.sparse|maintenance\.incremental-repack\.auto)$ [11ms]
2026-09-25 22:10:21.827 [info]    [GIT      12ms] [/home/yusufbek/Documents/nixos-dots] git config --local --get-regex ^(extensions\.partialclone|remote\..*\.promisor)$ [12ms]
2026-09-25 22:10:52.652 [info]    [GIT       8ms] [/home/yusufbek/Documents/nixos-dots] git remote -v [8ms]
2026-09-25 22:10:52.665 [info]    [GIT      11ms] [/home/yusufbek/Documents/nixos-dots] git worktree list --porcelain [11ms]
2026-09-25 22:10:52.666 [info]    [GIT      12ms] [/home/yusufbek/Documents/nixos-dots] git for-each-ref --format=%1E%(HEAD)%1D%(refname)%1D%(objectname)%1D%(*objectname)%1D%(upstream)%1D%(upstream:track)%1D%(committerdate:iso8601)%1D%(creatordate:iso8601)%1D%(authordate:iso8601)%1D%(subject)%1D%(worktreepath)%1D refs/heads/ refs/remotes/ refs/tags/ refs/replace/ [12ms]
2026-09-25 22:10:54.685 [info]    [GIT      29ms] [/home/yusufbek/Documents/nixos-dots] git config --global --get-all maintenance.repo [29ms]
2026-09-25 22:10:54.694 [info]    [GIT      38ms] [/home/yusufbek/Documents/nixos-dots] git config --get-regex ^(core\.fsmonitor|core\.untrackedcache|core\.commitgraph|core\.multipackindex|core\.sparsecheckout|core\.sparsecheckoutcone|core\.splitindex|extensions\.refstorage|feature\.manyfiles|index\.sparse|maintenance\.incremental-repack\.auto)$ [38ms]
2026-09-25 22:10:54.695 [info]    [GIT      39ms] [/home/yusufbek/Documents/nixos-dots] git config --local --get-regex ^(extensions\.partialclone|remote\..*\.promisor)$ [39ms]
2026-09-25 22:10:54.696 [info]    [GIT      10ms] [/home/yusufbek/Documents/nixos-dots] git worktree list --porcelain [10ms]
2026-09-25 22:10:54.712 [info]    [GIT      13ms] [/home/yusufbek/Documents/nixos-dots] git config --get-regex ^(core\.fsmonitor|core\.untrackedcache|core\.commitgraph|core\.multipackindex|core\.sparsecheckout|core\.sparsecheckoutcone|core\.splitindex|extensions\.refstorage|feature\.manyfiles|index\.sparse|maintenance\.incremental-repack\.auto)$ [13ms]
2026-09-25 22:10:54.713 [info]    [GIT      14ms] [/home/yusufbek/Documents/nixos-dots] git config --local --get-regex ^(extensions\.partialclone|remote\..*\.promisor)$ [14ms]
2026-09-25 22:11:25.677 [info]    [GIT       9ms] [/home/yusufbek/Documents/nixos-dots] git config -f /home/yusufbek/Documents/nixos-dots/.git/gk/config branch.main.gk-last-accessed 2026-09-25T17:11:25.665Z [9ms]
2026-09-25 22:11:32.720 [info]    [GIT      13ms] [/home/yusufbek/Documents/nixos-dots] git config --get-regex -f /home/yusufbek/Documents/nixos-dots/.git/gk/config . [13ms]
2026-09-25 22:11:33.692 [info]    [GIT       6ms] [/home/yusufbek/Documents/nixos-dots] git ls-files -- configuration.nix [6ms]
2026-09-25 22:11:37.083 [info]    [GIT       5ms] [/home/yusufbek/Documents/nixos-dots] git ls-files -- hardware-configuration.nix [5ms]
2026-09-25 22:11:54.767 [warning] [   89 →   28c] IpcServer.onRequest IPC handler for /ping unauthorized
2026-09-25 22:11:54.772 [warning] [   89 →   28d] IpcServer.onRequest IPC handler for /ping unauthorized
2026-09-25 22:12:44.525 [info]    [GIT       5ms] [/home/yusufbek/Documents/nixos-dots] git ls-files -- hardware-configuration.nix [5ms]
2026-09-25 22:12:45.098 [info]    [GIT       4ms] [/home/yusufbek/Documents/nixos-dots] git ls-files -- configuration.nix [4ms]
2026-09-25 22:12:49.795 [info]    [GIT       9ms] [/home/yusufbek/Documents/nixos-dots] git config -f /home/yusufbek/Documents/nixos-dots/.git/gk/config branch.main.gk-last-modified 2026-09-25T17:12:49.784Z [9ms]
2026-09-25 22:12:50.132 [info]    [GIT       9ms] [/home/yusufbek/Documents/nixos-dots] git config --get-regex -f /home/yusufbek/Documents/nixos-dots/.git/gk/config . [9ms]
2026-09-25 22:13:19.863 [info]    [GIT      11ms] [/home/yusufbek/Documents/nixos-dots] git remote -v [11ms]
2026-09-25 22:13:19.883 [info]    [GIT      18ms] [/home/yusufbek/Documents/nixos-dots] git worktree list --porcelain [18ms]
2026-09-25 22:13:19.884 [info]    [GIT      18ms] [/home/yusufbek/Documents/nixos-dots] git for-each-ref --format=%1E%(HEAD)%1D%(refname)%1D%(objectname)%1D%(*objectname)%1D%(upstream)%1D%(upstream:track)%1D%(committerdate:iso8601)%1D%(creatordate:iso8601)%1D%(authordate:iso8601)%1D%(subject)%1D%(worktreepath)%1D refs/heads/ refs/remotes/ refs/tags/ refs/replace/ [18ms]
2026-09-25 22:13:21.135 [info]    [GIT      11ms] [/home/yusufbek/Documents/nixos-dots] git ls-files -- configuration.nix [11ms]
2026-09-25 22:13:21.147 [info]    [GIT       8ms] [/home/yusufbek/Documents/nixos-dots] git config --get-regex ^user\.(name|email)$ [8ms]
2026-09-25 22:13:21.155 [info]    [GIT       7ms] [/home/yusufbek/Documents/nixos-dots] git check-mailmap khamidullaevv <yusufbek090110@gmail.com> [7ms]
2026-09-25 22:13:21.161 [info]    [GIT:→1       ] (spawn) [/home/yusufbek/Documents/nixos-dots] git blame --root --incremental --encoding=utf-8 -- configuration.nix · starting...
2026-09-25 22:13:21.168 [info]    [GIT:←1   10ms] (spawn) [/home/yusufbek/Documents/nixos-dots] git blame --root --incremental --encoding=utf-8 -- configuration.nix [10ms]
2026-09-25 22:13:21.212 [info]    [GIT:→2       ] (spawn) [/home/yusufbek/Documents/nixos-dots] git blame --root --incremental --encoding=utf-8 HEAD -- configuration.nix · starting...
2026-09-25 22:13:21.213 [info]    [GIT       9ms] [/home/yusufbek/Documents/nixos-dots] git status --porcelain=v2 --branch -u --find-renames -- [9ms]
2026-09-25 22:13:21.217 [error]   [GIT          ] [/home/yusufbek/Documents/nixos-dots] git show --textconv HEAD:./configuration.nix -- · bad revision 'HEAD:./configuration.nix' [47ms]
2026-09-25 22:13:21.218 [error] ShowError: Unable to show 'configuration.nix' at revision 'HEAD' because the specified revision is invalid   [  326 →   327] RevisionGitSubProvider.getRevisionContent — failed [48ms]
2026-09-25 22:13:21.219 [error]   [GIT          ] [/home/yusufbek/Documents/nixos-dots] git log --format=%x1E%H%x1D -n2 -L1,1:configuration.nix · There is no path configuration.nix in the commit [5ms]
2026-09-25 22:13:21.219 [error] Error: fatal: There is no path configuration.nix in the commit   [  32f →   335] DiffGitSubProvider.getPreviousComparisonUrisForRange 
2026-09-25 22:13:21.219 [error] Error: fatal: There is no path configuration.nix in the commit   [  32f →   335] DiffGitSubProvider.getPreviousComparisonUrisForRange — failed [17ms]
2026-09-25 22:13:21.219 [error]   [GIT:←2       ] (spawn) [/home/yusufbek/Documents/nixos-dots] git blame --root --incremental --encoding=utf-8 HEAD -- configuration.nix · no such path configuration.nix in HEAD [11ms]
2026-09-25 22:13:23.148 [info]    [GIT      22ms] [/home/yusufbek/Documents/nixos-dots] git config --global --get-all maintenance.repo [22ms]
2026-09-25 22:13:23.154 [info]    [GIT      28ms] [/home/yusufbek/Documents/nixos-dots] git config --get-regex ^(core\.fsmonitor|core\.untrackedcache|core\.commitgraph|core\.multipackindex|core\.sparsecheckout|core\.sparsecheckoutcone|core\.splitindex|extensions\.refstorage|feature\.manyfiles|index\.sparse|maintenance\.incremental-repack\.auto)$ [28ms]
2026-09-25 22:13:23.155 [info]    [GIT      29ms] [/home/yusufbek/Documents/nixos-dots] git config --local --get-regex ^(extensions\.partialclone|remote\..*\.promisor)$ [29ms]
2026-09-25 22:13:23.156 [info]    [GIT       7ms] [/home/yusufbek/Documents/nixos-dots] git worktree list --porcelain [7ms]
2026-09-25 22:13:23.170 [info]    [GIT      12ms] [/home/yusufbek/Documents/nixos-dots] git config --get-regex ^(core\.fsmonitor|core\.untrackedcache|core\.commitgraph|core\.multipackindex|core\.sparsecheckout|core\.sparsecheckoutcone|core\.splitindex|extensions\.refstorage|feature\.manyfiles|index\.sparse|maintenance\.incremental-repack\.auto)$ [12ms]
2026-09-25 22:13:23.172 [info]    [GIT      13ms] [/home/yusufbek/Documents/nixos-dots] git config --local --get-regex ^(extensions\.partialclone|remote\..*\.promisor)$ [13ms]
2026-09-25 22:13:42.157 [info]    [GIT      11ms] [/home/yusufbek/Documents/nixos-dots] git worktree list --porcelain [11ms]
2026-09-25 22:13:42.157 [info]    [GIT      18ms] [/home/yusufbek/Documents/nixos-dots] git ls-files -- configuration.nix [18ms]
2026-09-25 22:13:42.160 [info]    [GIT      13ms] [/home/yusufbek/Documents/nixos-dots] git for-each-ref --format=%1E%(HEAD)%1D%(refname)%1D%(objectname)%1D%(*objectname)%1D%(upstream)%1D%(upstream:track)%1D%(committerdate:iso8601)%1D%(creatordate:iso8601)%1D%(authordate:iso8601)%1D%(subject)%1D%(worktreepath)%1D refs/heads/ refs/remotes/ refs/tags/ refs/replace/ [13ms]
2026-09-25 22:13:44.154 [info]    [GIT      14ms] [/home/yusufbek/Documents/nixos-dots] git config --get-regex ^(core\.fsmonitor|core\.untrackedcache|core\.commitgraph|core\.multipackindex|core\.sparsecheckout|core\.sparsecheckoutcone|core\.splitindex|extensions\.refstorage|feature\.manyfiles|index\.sparse|maintenance\.incremental-repack\.auto)$ [14ms]
2026-09-25 22:13:44.154 [info]    [GIT      15ms] [/home/yusufbek/Documents/nixos-dots] git config --local --get-regex ^(extensions\.partialclone|remote\..*\.promisor)$ [15ms]
2026-09-25 22:13:44.169 [info]    [GIT      12ms] [/home/yusufbek/Documents/nixos-dots] git config --get-regex ^(core\.fsmonitor|core\.untrackedcache|core\.commitgraph|core\.multipackindex|core\.sparsecheckout|core\.sparsecheckoutcone|core\.splitindex|extensions\.refstorage|feature\.manyfiles|index\.sparse|maintenance\.incremental-repack\.auto)$ [12ms]
2026-09-25 22:13:44.169 [info]    [GIT      12ms] [/home/yusufbek/Documents/nixos-dots] git config --local --get-regex ^(extensions\.partialclone|remote\..*\.promisor)$ [12ms]
2026-09-25 22:13:46.245 [info]    [GIT       8ms] [/home/yusufbek/Documents/nixos-dots] git remote -v [8ms]
2026-09-25 22:13:46.259 [info]    [GIT      13ms] [/home/yusufbek/Documents/nixos-dots] git worktree list --porcelain [13ms]
2026-09-25 22:13:46.260 [info]    [GIT      14ms] [/home/yusufbek/Documents/nixos-dots] git for-each-ref --format=%1E%(HEAD)%1D%(refname)%1D%(objectname)%1D%(*objectname)%1D%(upstream)%1D%(upstream:track)%1D%(committerdate:iso8601)%1D%(creatordate:iso8601)%1D%(authordate:iso8601)%1D%(subject)%1D%(worktreepath)%1D refs/heads/ refs/remotes/ refs/tags/ refs/replace/ [14ms]
2026-09-25 22:13:48.267 [info]    [GIT      19ms] [/home/yusufbek/Documents/nixos-dots] git config --get-regex ^(core\.fsmonitor|core\.untrackedcache|core\.commitgraph|core\.multipackindex|core\.sparsecheckout|core\.sparsecheckoutcone|core\.splitindex|extensions\.refstorage|feature\.manyfiles|index\.sparse|maintenance\.incremental-repack\.auto)$ [19ms]
2026-09-25 22:13:48.268 [info]    [GIT      20ms] [/home/yusufbek/Documents/nixos-dots] git config --local --get-regex ^(extensions\.partialclone|remote\..*\.promisor)$ [20ms]
2026-09-25 22:13:48.282 [info]    [GIT      11ms] [/home/yusufbek/Documents/nixos-dots] git config --get-regex ^(core\.fsmonitor|core\.untrackedcache|core\.commitgraph|core\.multipackindex|core\.sparsecheckout|core\.sparsecheckoutcone|core\.splitindex|extensions\.refstorage|feature\.manyfiles|index\.sparse|maintenance\.incremental-repack\.auto)$ [11ms]
2026-09-25 22:13:48.283 [info]    [GIT      11ms] [/home/yusufbek/Documents/nixos-dots] git config --local --get-regex ^(extensions\.partialclone|remote\..*\.promisor)$ [11ms]
2026-09-25 22:16:01.494 [warning] [   89 →   3b8] IpcServer.onRequest IPC handler for /ping unauthorized
2026-09-25 22:16:01.499 [warning] [   89 →   3b9] IpcServer.onRequest IPC handler for /ping unauthorized
2026-09-25 22:16:04.329 [info]    [GIT       9ms] [/home/yusufbek/Documents/nixos-dots] git remote -v [9ms]
2026-09-25 22:16:04.346 [info]    [GIT      15ms] [/home/yusufbek/Documents/nixos-dots] git worktree list --porcelain [15ms]
2026-09-25 22:16:04.348 [info]    [GIT      17ms] [/home/yusufbek/Documents/nixos-dots] git for-each-ref --format=%1E%(HEAD)%1D%(refname)%1D%(objectname)%1D%(*objectname)%1D%(upstream)%1D%(upstream:track)%1D%(committerdate:iso8601)%1D%(creatordate:iso8601)%1D%(authordate:iso8601)%1D%(subject)%1D%(worktreepath)%1D refs/heads/ refs/remotes/ refs/tags/ refs/replace/ [17ms]
2026-09-25 22:16:06.072 [info]    [GIT       9ms] [/home/yusufbek/Documents/nixos-dots] git ls-files -- configuration.nix [9ms]
2026-09-25 22:16:08.085 [info]    [GIT      22ms] [/home/yusufbek/Documents/nixos-dots] git config --global --get-all maintenance.repo [22ms]
2026-09-25 22:16:08.091 [info]    [GIT      28ms] [/home/yusufbek/Documents/nixos-dots] git config --get-regex ^(core\.fsmonitor|core\.untrackedcache|core\.commitgraph|core\.multipackindex|core\.sparsecheckout|core\.sparsecheckoutcone|core\.splitindex|extensions\.refstorage|feature\.manyfiles|index\.sparse|maintenance\.incremental-repack\.auto)$ [28ms]
2026-09-25 22:16:08.092 [info]    [GIT      28ms] [/home/yusufbek/Documents/nixos-dots] git config --local --get-regex ^(extensions\.partialclone|remote\..*\.promisor)$ [28ms]
2026-09-25 22:16:08.092 [info]    [GIT       6ms] [/home/yusufbek/Documents/nixos-dots] git worktree list --porcelain [6ms]
2026-09-25 22:16:08.105 [info]    [GIT       7ms] [/home/yusufbek/Documents/nixos-dots] git config --local --get-regex ^(extensions\.partialclone|remote\..*\.promisor)$ [7ms]
2026-09-25 22:16:08.106 [info]    [GIT       7ms] [/home/yusufbek/Documents/nixos-dots] git config --get-regex ^(core\.fsmonitor|core\.untrackedcache|core\.commitgraph|core\.multipackindex|core\.sparsecheckout|core\.sparsecheckoutcone|core\.splitindex|extensions\.refstorage|feature\.manyfiles|index\.sparse|maintenance\.incremental-repack\.auto)$ [7ms]
2026-09-25 22:16:08.106 [info]    [GIT      12ms] [/home/yusufbek/Documents/nixos-dots] git config --type=bool --get core.commitGraph [12ms]
2026-09-25 22:16:08.111 [info]    [GIT       5ms] [/home/yusufbek/Documents/nixos-dots] git config --local --get-regex ^(extensions\.partialclone|remote\..*\.promisor)$ [5ms]
2026-09-25 22:16:08.122 [info]    [GIT      10ms] [/home/yusufbek/Documents/nixos-dots] git commit-graph write --reachable --split --changed-paths --max-new-filters=512 [10ms]
2026-09-25 22:16:08.132 [info]    [GIT       8ms] [/home/yusufbek/Documents/nixos-dots] git config --get-regex ^(core\.fsmonitor|core\.untrackedcache|core\.commitgraph|core\.multipackindex|core\.sparsecheckout|core\.sparsecheckoutcone|core\.splitindex|extensions\.refstorage|feature\.manyfiles|index\.sparse|maintenance\.incremental-repack\.auto)$ [8ms]
2026-09-25 22:16:08.133 [info]    [GIT       9ms] [/home/yusufbek/Documents/nixos-dots] git config --local --get-regex ^(extensions\.partialclone|remote\..*\.promisor)$ [9ms]
2026-09-25 22:16:22.972 [info]    [GIT      19ms] [/home/yusufbek/Documents/nixos-dots] git worktree list --porcelain [19ms]
2026-09-25 22:16:22.972 [info]    [GIT      27ms] [/home/yusufbek/Documents/nixos-dots] git ls-files -- configuration.nix [27ms]
2026-09-25 22:16:22.974 [info]    [GIT      19ms] [/home/yusufbek/Documents/nixos-dots] git for-each-ref --format=%1E%(HEAD)%1D%(refname)%1D%(objectname)%1D%(*objectname)%1D%(upstream)%1D%(upstream:track)%1D%(committerdate:iso8601)%1D%(creatordate:iso8601)%1D%(authordate:iso8601)%1D%(subject)%1D%(worktreepath)%1D refs/heads/ refs/remotes/ refs/tags/ refs/replace/ [19ms]
2026-09-25 22:16:24.953 [info]    [GIT       7ms] [/home/yusufbek/Documents/nixos-dots] git config --get-regex ^(core\.fsmonitor|core\.untrackedcache|core\.commitgraph|core\.multipackindex|core\.sparsecheckout|core\.sparsecheckoutcone|core\.splitindex|extensions\.refstorage|feature\.manyfiles|index\.sparse|maintenance\.incremental-repack\.auto)$ [7ms]
2026-09-25 22:16:24.953 [info]    [GIT       8ms] [/home/yusufbek/Documents/nixos-dots] git config --local --get-regex ^(extensions\.partialclone|remote\..*\.promisor)$ [8ms]
2026-09-25 22:16:24.961 [info]    [GIT       7ms] [/home/yusufbek/Documents/nixos-dots] git config --get-regex ^(core\.fsmonitor|core\.untrackedcache|core\.commitgraph|core\.multipackindex|core\.sparsecheckout|core\.sparsecheckoutcone|core\.splitindex|extensions\.refstorage|feature\.manyfiles|index\.sparse|maintenance\.incremental-repack\.auto)$ [7ms]
2026-09-25 22:16:24.962 [info]    [GIT       7ms] [/home/yusufbek/Documents/nixos-dots] git config --local --get-regex ^(extensions\.partialclone|remote\..*\.promisor)$ [7ms]
2026-09-25 22:16:33.267 [info]    [GIT      17ms] [/home/yusufbek/Documents/nixos-dots] git remote -v [17ms]
2026-09-25 22:16:33.287 [info]    [GIT      19ms] [/home/yusufbek/Documents/nixos-dots] git worktree list --porcelain [19ms]
2026-09-25 22:16:33.296 [info]    [GIT      27ms] [/home/yusufbek/Documents/nixos-dots] git for-each-ref --format=%1E%(HEAD)%1D%(refname)%1D%(objectname)%1D%(*objectname)%1D%(upstream)%1D%(upstream:track)%1D%(committerdate:iso8601)%1D%(creatordate:iso8601)%1D%(authordate:iso8601)%1D%(subject)%1D%(worktreepath)%1D refs/heads/ refs/remotes/ refs/tags/ refs/replace/ [27ms]
2026-09-25 22:16:35.288 [info]    [GIT      17ms] [/home/yusufbek/Documents/nixos-dots] git config --local --get-regex ^(extensions\.partialclone|remote\..*\.promisor)$ [17ms]
2026-09-25 22:16:35.288 [info]    [GIT      17ms] [/home/yusufbek/Documents/nixos-dots] git config --get-regex ^(core\.fsmonitor|core\.untrackedcache|core\.commitgraph|core\.multipackindex|core\.sparsecheckout|core\.sparsecheckoutcone|core\.splitindex|extensions\.refstorage|feature\.manyfiles|index\.sparse|maintenance\.incremental-repack\.auto)$ [17ms]
2026-09-25 22:16:35.301 [info]    [GIT      11ms] [/home/yusufbek/Documents/nixos-dots] git config --get-regex ^(core\.fsmonitor|core\.untrackedcache|core\.commitgraph|core\.multipackindex|core\.sparsecheckout|core\.sparsecheckoutcone|core\.splitindex|extensions\.refstorage|feature\.manyfiles|index\.sparse|maintenance\.incremental-repack\.auto)$ [11ms]
2026-09-25 22:16:35.301 [info]    [GIT      11ms] [/home/yusufbek/Documents/nixos-dots] git config --local --get-regex ^(extensions\.partialclone|remote\..*\.promisor)$ [11ms]
2026-09-25 22:16:37.458 [info]    [GIT      11ms] [/home/yusufbek/Documents/nixos-dots] git remote -v [11ms]
2026-09-25 22:16:37.479 [info]    [GIT      18ms] [/home/yusufbek/Documents/nixos-dots] git worktree list --porcelain [18ms]
2026-09-25 22:16:37.481 [info]    [GIT      20ms] [/home/yusufbek/Documents/nixos-dots] git for-each-ref --format=%1E%(HEAD)%1D%(refname)%1D%(objectname)%1D%(*objectname)%1D%(upstream)%1D%(upstream:track)%1D%(committerdate:iso8601)%1D%(creatordate:iso8601)%1D%(authordate:iso8601)%1D%(subject)%1D%(worktreepath)%1D refs/heads/ refs/remotes/ refs/tags/ refs/replace/ [20ms]
2026-09-25 22:16:38.732 [info]    [GIT      10ms] [/home/yusufbek/Documents/nixos-dots] git ls-files -- configuration.nix [10ms]
2026-09-25 22:16:40.748 [info]    [GIT      25ms] [/home/yusufbek/Documents/nixos-dots] git config --global --get-all maintenance.repo [25ms]
2026-09-25 22:16:40.755 [info]    [GIT      32ms] [/home/yusufbek/Documents/nixos-dots] git config --get-regex ^(core\.fsmonitor|core\.untrackedcache|core\.commitgraph|core\.multipackindex|core\.sparsecheckout|core\.sparsecheckoutcone|core\.splitindex|extensions\.refstorage|feature\.manyfiles|index\.sparse|maintenance\.incremental-repack\.auto)$ [32ms]
2026-09-25 22:16:40.756 [info]    [GIT      33ms] [/home/yusufbek/Documents/nixos-dots] git config --local --get-regex ^(extensions\.partialclone|remote\..*\.promisor)$ [33ms]
2026-09-25 22:16:40.757 [info]    [GIT       8ms] [/home/yusufbek/Documents/nixos-dots] git worktree list --porcelain [8ms]
2026-09-25 22:16:40.768 [info]    [GIT       9ms] [/home/yusufbek/Documents/nixos-dots] git config --get-regex ^(core\.fsmonitor|core\.untrackedcache|core\.commitgraph|core\.multipackindex|core\.sparsecheckout|core\.sparsecheckoutcone|core\.splitindex|extensions\.refstorage|feature\.manyfiles|index\.sparse|maintenance\.incremental-repack\.auto)$ [9ms]
2026-09-25 22:16:40.769 [info]    [GIT      10ms] [/home/yusufbek/Documents/nixos-dots] git config --local --get-regex ^(extensions\.partialclone|remote\..*\.promisor)$ [10ms]
2026-09-25 22:16:47.320 [info]    [GIT      13ms] [/home/yusufbek/Documents/nixos-dots] git worktree list --porcelain [13ms]
2026-09-25 22:16:47.320 [info]    [GIT      20ms] [/home/yusufbek/Documents/nixos-dots] git ls-files -- configuration.nix [20ms]
2026-09-25 22:16:47.321 [info]    [GIT      14ms] [/home/yusufbek/Documents/nixos-dots] git for-each-ref --format=%1E%(HEAD)%1D%(refname)%1D%(objectname)%1D%(*objectname)%1D%(upstream)%1D%(upstream:track)%1D%(committerdate:iso8601)%1D%(creatordate:iso8601)%1D%(authordate:iso8601)%1D%(subject)%1D%(worktreepath)%1D refs/heads/ refs/remotes/ refs/tags/ refs/replace/ [14ms]
2026-09-25 22:16:49.320 [info]    [GIT      20ms] [/home/yusufbek/Documents/nixos-dots] git config --get-regex ^(core\.fsmonitor|core\.untrackedcache|core\.commitgraph|core\.multipackindex|core\.sparsecheckout|core\.sparsecheckoutcone|core\.splitindex|extensions\.refstorage|feature\.manyfiles|index\.sparse|maintenance\.incremental-repack\.auto)$ [20ms]
2026-09-25 22:16:49.321 [info]    [GIT      21ms] [/home/yusufbek/Documents/nixos-dots] git config --local --get-regex ^(extensions\.partialclone|remote\..*\.promisor)$ [21ms]
2026-09-25 22:16:49.342 [info]    [GIT      16ms] [/home/yusufbek/Documents/nixos-dots] git config --get-regex ^(core\.fsmonitor|core\.untrackedcache|core\.commitgraph|core\.multipackindex|core\.sparsecheckout|core\.sparsecheckoutcone|core\.splitindex|extensions\.refstorage|feature\.manyfiles|index\.sparse|maintenance\.incremental-repack\.auto)$ [16ms]
2026-09-25 22:16:49.342 [info]    [GIT      17ms] [/home/yusufbek/Documents/nixos-dots] git config --local --get-regex ^(extensions\.partialclone|remote\..*\.promisor)$ [17ms]
2026-09-25 22:17:00.187 [info]    [GIT      22ms] [/home/yusufbek/Documents/nixos-dots] git remote -v [22ms]
2026-09-25 22:17:00.205 [info]    [GIT      18ms] [/home/yusufbek/Documents/nixos-dots] git worktree list --porcelain [18ms]
2026-09-25 22:17:00.212 [info]    [GIT      23ms] [/home/yusufbek/Documents/nixos-dots] git for-each-ref --format=%1E%(HEAD)%1D%(refname)%1D%(objectname)%1D%(*objectname)%1D%(upstream)%1D%(upstream:track)%1D%(committerdate:iso8601)%1D%(creatordate:iso8601)%1D%(authordate:iso8601)%1D%(subject)%1D%(worktreepath)%1D refs/heads/ refs/remotes/ refs/tags/ refs/replace/ [23ms]
2026-09-25 22:17:02.212 [info]    [GIT      21ms] [/home/yusufbek/Documents/nixos-dots] git config --get-regex ^(core\.fsmonitor|core\.untrackedcache|core\.commitgraph|core\.multipackindex|core\.sparsecheckout|core\.sparsecheckoutcone|core\.splitindex|extensions\.refstorage|feature\.manyfiles|index\.sparse|maintenance\.incremental-repack\.auto)$ [21ms]
2026-09-25 22:17:02.213 [info]    [GIT      23ms] [/home/yusufbek/Documents/nixos-dots] git config --local --get-regex ^(extensions\.partialclone|remote\..*\.promisor)$ [23ms]
2026-09-25 22:17:02.232 [info]    [GIT      14ms] [/home/yusufbek/Documents/nixos-dots] git config --get-regex ^(core\.fsmonitor|core\.untrackedcache|core\.commitgraph|core\.multipackindex|core\.sparsecheckout|core\.sparsecheckoutcone|core\.splitindex|extensions\.refstorage|feature\.manyfiles|index\.sparse|maintenance\.incremental-repack\.auto)$ [14ms]
2026-09-25 22:17:02.233 [info]    [GIT      15ms] [/home/yusufbek/Documents/nixos-dots] git config --local --get-regex ^(extensions\.partialclone|remote\..*\.promisor)$ [15ms]
2026-09-25 22:17:14.706 [info]    [GIT       5ms] [/home/yusufbek/Documents/nixos-dots] git ls-files -- hardware-configuration.nix [5ms]
2026-09-25 22:17:14.711 [info]    [GIT       5ms] [/home/yusufbek/Documents/nixos-dots] git config --get-regex ^user\.(name|email)$ [5ms]
2026-09-25 22:17:14.717 [info]    [GIT       5ms] [/home/yusufbek/Documents/nixos-dots] git check-mailmap khamidullaevv <yusufbek090110@gmail.com> [5ms]
2026-09-25 22:17:14.721 [info]    [GIT:→3       ] (spawn) [/home/yusufbek/Documents/nixos-dots] git blame --root --incremental --encoding=utf-8 -- hardware-configuration.nix · starting...
2026-09-25 22:17:14.723 [info]    [GIT:←3    6ms] (spawn) [/home/yusufbek/Documents/nixos-dots] git blame --root --incremental --encoding=utf-8 -- hardware-configuration.nix [6ms]
2026-09-25 22:17:14.773 [info]    [GIT      33ms] [/home/yusufbek/Documents/nixos-dots] git log --format=%x1E%H%x1D%aN%x1D%aE%x1D%at%x1D%cN%x1D%cE%x1D%ct%x1D%P%x1D%D%x1D%B%x1D --numstat --raw -M --use-mailmap -m --no-min-parents -n1 1c3bdd8cfc2fe0fbd1fbe39853d51c2f35b0160e -- [33ms]
2026-09-25 22:17:14.775 [info]    [GIT      43ms] [/home/yusufbek/Documents/nixos-dots] git log --format=%x1E%H%x1D --summary -n1 1c3bdd8cfc2fe0fbd1fbe39853d51c2f35b0160e^ -- hardware-configuration.nix [43ms]
2026-09-25 22:17:14.783 [info]    [GIT      59ms] [/home/yusufbek/Documents/nixos-dots] git show --textconv HEAD:./hardware-configuration.nix -- [59ms]
2026-09-25 22:17:14.788 [info]    [GIT      12ms] [/home/yusufbek/Documents/nixos-dots] git log --format=%x1E%H%x1D --summary -n1 8d33f00feef3edd77dc4c225d1bf11e06487f06b -- [12ms]
2026-09-25 22:17:21.104 [info]    [GIT      10ms] [/home/yusufbek/Documents/nixos-dots] git remote -v [10ms]
2026-09-25 22:17:21.119 [info]    [GIT      14ms] [/home/yusufbek/Documents/nixos-dots] git worktree list --porcelain [14ms]
2026-09-25 22:17:21.120 [info]    [GIT      14ms] [/home/yusufbek/Documents/nixos-dots] git for-each-ref --format=%1E%(HEAD)%1D%(refname)%1D%(objectname)%1D%(*objectname)%1D%(upstream)%1D%(upstream:track)%1D%(committerdate:iso8601)%1D%(creatordate:iso8601)%1D%(authordate:iso8601)%1D%(subject)%1D%(worktreepath)%1D refs/heads/ refs/remotes/ refs/tags/ refs/replace/ [14ms]
2026-09-25 22:17:22.503 [info]    [GIT       9ms] [/home/yusufbek/Documents/nixos-dots] git ls-files -- hardware-configuration.nix [9ms]
2026-09-25 22:17:24.515 [info]    [GIT      20ms] [/home/yusufbek/Documents/nixos-dots] git config --global --get-all maintenance.repo [20ms]
2026-09-25 22:17:24.522 [info]    [GIT      27ms] [/home/yusufbek/Documents/nixos-dots] git config --get-regex ^(core\.fsmonitor|core\.untrackedcache|core\.commitgraph|core\.multipackindex|core\.sparsecheckout|core\.sparsecheckoutcone|core\.splitindex|extensions\.refstorage|feature\.manyfiles|index\.sparse|maintenance\.incremental-repack\.auto)$ [27ms]
2026-09-25 22:17:24.523 [info]    [GIT      28ms] [/home/yusufbek/Documents/nixos-dots] git config --local --get-regex ^(extensions\.partialclone|remote\..*\.promisor)$ [28ms]
2026-09-25 22:17:24.524 [info]    [GIT       8ms] [/home/yusufbek/Documents/nixos-dots] git worktree list --porcelain [8ms]
2026-09-25 22:17:24.535 [info]    [GIT       9ms] [/home/yusufbek/Documents/nixos-dots] git config --get-regex ^(core\.fsmonitor|core\.untrackedcache|core\.commitgraph|core\.multipackindex|core\.sparsecheckout|core\.sparsecheckoutcone|core\.splitindex|extensions\.refstorage|feature\.manyfiles|index\.sparse|maintenance\.incremental-repack\.auto)$ [9ms]
2026-09-25 22:17:24.536 [info]    [GIT      10ms] [/home/yusufbek/Documents/nixos-dots] git config --local --get-regex ^(extensions\.partialclone|remote\..*\.promisor)$ [10ms]
2026-09-25 22:17:42.758 [info]    [GIT      15ms] [/home/yusufbek/Documents/nixos-dots] git worktree list --porcelain [15ms]
2026-09-25 22:17:42.758 [info]    [GIT      23ms] [/home/yusufbek/Documents/nixos-dots] git ls-files -- hardware-configuration.nix [23ms]
2026-09-25 22:17:42.761 [info]    [GIT      17ms] [/home/yusufbek/Documents/nixos-dots] git for-each-ref --format=%1E%(HEAD)%1D%(refname)%1D%(objectname)%1D%(*objectname)%1D%(upstream)%1D%(upstream:track)%1D%(committerdate:iso8601)%1D%(creatordate:iso8601)%1D%(authordate:iso8601)%1D%(subject)%1D%(worktreepath)%1D refs/heads/ refs/remotes/ refs/tags/ refs/replace/ [17ms]
2026-09-25 22:17:44.753 [info]    [GIT      16ms] [/home/yusufbek/Documents/nixos-dots] git config --get-regex ^(core\.fsmonitor|core\.untrackedcache|core\.commitgraph|core\.multipackindex|core\.sparsecheckout|core\.sparsecheckoutcone|core\.splitindex|extensions\.refstorage|feature\.manyfiles|index\.sparse|maintenance\.incremental-repack\.auto)$ [16ms]
2026-09-25 22:17:44.754 [info]    [GIT      17ms] [/home/yusufbek/Documents/nixos-dots] git config --local --get-regex ^(extensions\.partialclone|remote\..*\.promisor)$ [17ms]
2026-09-25 22:17:44.768 [info]    [GIT      12ms] [/home/yusufbek/Documents/nixos-dots] git config --get-regex ^(core\.fsmonitor|core\.untrackedcache|core\.commitgraph|core\.multipackindex|core\.sparsecheckout|core\.sparsecheckoutcone|core\.splitindex|extensions\.refstorage|feature\.manyfiles|index\.sparse|maintenance\.incremental-repack\.auto)$ [12ms]
2026-09-25 22:17:44.769 [info]    [GIT      12ms] [/home/yusufbek/Documents/nixos-dots] git config --local --get-regex ^(extensions\.partialclone|remote\..*\.promisor)$ [12ms]
2026-09-25 22:17:46.276 [info]    [GIT       9ms] [/home/yusufbek/Documents/nixos-dots] git remote -v [9ms]
2026-09-25 22:17:46.290 [info]    [GIT      12ms] [/home/yusufbek/Documents/nixos-dots] git worktree list --porcelain [12ms]
2026-09-25 22:17:46.291 [info]    [GIT      13ms] [/home/yusufbek/Documents/nixos-dots] git for-each-ref --format=%1E%(HEAD)%1D%(refname)%1D%(objectname)%1D%(*objectname)%1D%(upstream)%1D%(upstream:track)%1D%(committerdate:iso8601)%1D%(creatordate:iso8601)%1D%(authordate:iso8601)%1D%(subject)%1D%(worktreepath)%1D refs/heads/ refs/remotes/ refs/tags/ refs/replace/ [13ms]
2026-09-25 22:17:48.304 [info]    [GIT      23ms] [/home/yusufbek/Documents/nixos-dots] git config --get-regex ^(core\.fsmonitor|core\.untrackedcache|core\.commitgraph|core\.multipackindex|core\.sparsecheckout|core\.sparsecheckoutcone|core\.splitindex|extensions\.refstorage|feature\.manyfiles|index\.sparse|maintenance\.incremental-repack\.auto)$ [23ms]
2026-09-25 22:17:48.306 [info]    [GIT      25ms] [/home/yusufbek/Documents/nixos-dots] git config --local --get-regex ^(extensions\.partialclone|remote\..*\.promisor)$ [25ms]
2026-09-25 22:17:48.326 [info]    [GIT      16ms] [/home/yusufbek/Documents/nixos-dots] git config --get-regex ^(core\.fsmonitor|core\.untrackedcache|core\.commitgraph|core\.multipackindex|core\.sparsecheckout|core\.sparsecheckoutcone|core\.splitindex|extensions\.refstorage|feature\.manyfiles|index\.sparse|maintenance\.incremental-repack\.auto)$ [16ms]
2026-09-25 22:17:48.327 [info]    [GIT      16ms] [/home/yusufbek/Documents/nixos-dots] git config --local --get-regex ^(extensions\.partialclone|remote\..*\.promisor)$ [16ms]
2026-09-25 22:20:12.749 [info]    [GIT      12ms] [/home/yusufbek/Documents/nixos-dots] git config -f /home/yusufbek/Documents/nixos-dots/.git/gk/config branch.main.gk-last-accessed 2026-09-25T17:20:12.735Z [12ms]
2026-09-25 22:20:12.761 [info]    [GIT      11ms] [/home/yusufbek/Documents/nixos-dots] git config --get-regex -f /home/yusufbek/Documents/nixos-dots/.git/gk/config . [11ms]
2026-09-25 22:20:12.774 [info]    [GIT      10ms] [/home/yusufbek/Documents/nixos-dots] git config -f /home/yusufbek/Documents/nixos-dots/.git/gk/config branch.main.gk-last-modified 2026-09-25T17:20:12.735Z [10ms]
2026-09-25 22:24:55.032 [info]    [GIT       9ms] [/home/yusufbek/Documents/nixos-dots] git config --get-regex -f /home/yusufbek/Documents/nixos-dots/.git/gk/config . [9ms]
2026-09-25 22:26:12.286 [info]    [GIT       4ms] [/home/yusufbek/Documents/nixos-dots] git ls-files -- hypr/hypridle.conf [4ms]
2026-09-25 22:26:12.292 [info]    [GIT       5ms] [/home/yusufbek/Documents/nixos-dots] git config --get-regex ^user\.(name|email)$ [5ms]
2026-09-25 22:26:12.297 [info]    [GIT       4ms] [/home/yusufbek/Documents/nixos-dots] git check-mailmap khamidullaevv <yusufbek090110@gmail.com> [4ms]
2026-09-25 22:26:12.301 [info]    [GIT:→4       ] (spawn) [/home/yusufbek/Documents/nixos-dots] git blame --root --incremental --encoding=utf-8 -- hypr/hypridle.conf · starting...
2026-09-25 22:26:12.303 [info]    [GIT:←4    6ms] (spawn) [/home/yusufbek/Documents/nixos-dots] git blame --root --incremental --encoding=utf-8 -- hypr/hypridle.conf [6ms]
2026-09-25 22:26:12.320 [info]    [GIT      10ms] [/home/yusufbek/Documents/nixos-dots] git log --format=%x1E%H%x1D --summary -n1 eea833ecbc31fb3b90a0421946ed0f950faef165^ -- hypr/hypridle.conf [10ms]
2026-09-25 22:26:12.320 [info]    [GIT      17ms] [/home/yusufbek/Documents/nixos-dots] git show --textconv HEAD:./hypr/hypridle.conf -- [17ms]
2026-09-25 22:26:12.321 [info]    [GIT       7ms] [/home/yusufbek/Documents/nixos-dots] git log --format=%x1E%H%x1D%aN%x1D%aE%x1D%at%x1D%cN%x1D%cE%x1D%ct%x1D%P%x1D%D%x1D%B%x1D --numstat --raw -M --use-mailmap -m --no-min-parents -n1 eea833ecbc31fb3b90a0421946ed0f950faef165 -- [7ms]
2026-09-25 22:26:12.684 [info]    [GIT       6ms] [/home/yusufbek/Documents/nixos-dots] git ls-files -- hypr/hyprland.conf [6ms]
2026-09-25 22:26:12.690 [info]    [GIT:→5       ] (spawn) [/home/yusufbek/Documents/nixos-dots] git blame --root --incremental --encoding=utf-8 -- hypr/hyprland.conf · starting...
2026-09-25 22:26:12.692 [info]    [GIT:←5    7ms] (spawn) [/home/yusufbek/Documents/nixos-dots] git blame --root --incremental --encoding=utf-8 -- hypr/hyprland.conf [7ms]
2026-09-25 22:26:12.708 [info]    [GIT       7ms] [/home/yusufbek/Documents/nixos-dots] git log --format=%x1E%H%x1D --summary -n1 eea833ecbc31fb3b90a0421946ed0f950faef165^ -- hypr/hyprland.conf [7ms]
2026-09-25 22:26:12.712 [info]    [GIT      19ms] [/home/yusufbek/Documents/nixos-dots] git show --textconv HEAD:./hypr/hyprland.conf -- [19ms]
2026-09-25 22:26:12.714 [info]    [GIT       6ms] [/home/yusufbek/Documents/nixos-dots] git log --format=%x1E%H%x1D --summary -n1 50c2673a199c4fb250ec3753194c6b484f4d5b93 -- [6ms]
2026-09-25 22:26:13.962 [error] TypeError: Cannot read properties of undefined (reading 'line')   [  653 →   654] StatusBarController.updateBlame — failed [0ms]
2026-09-25 22:26:14.013 [error] TypeError: Cannot read properties of undefined (reading 'line')   [  661 →   662] StatusBarController.updateBlame — failed [1ms]
2026-09-25 22:26:14.015 [error] TypeError: Cannot read properties of undefined (reading 'line')   [  66c →   66d] StatusBarController.updateBlame — failed [1ms]
2026-09-25 22:26:14.984 [error] TypeError: Cannot read properties of undefined (reading 'line')   [  685 →   686] StatusBarController.updateBlame — failed [2ms]
2026-09-25 22:26:15.033 [error] TypeError: Cannot read properties of undefined (reading 'line')   [  692 →   693] StatusBarController.updateBlame — failed [2ms]
2026-09-25 22:26:17.209 [error] TypeError: Cannot read properties of undefined (reading 'line')   [  69a →   69b] StatusBarController.updateBlame — failed [1ms]
2026-09-25 22:26:23.712 [info]    [GIT       9ms] [/home/yusufbek/Documents/nixos-dots] git remote -v [9ms]
2026-09-25 22:26:23.728 [info]    [GIT      15ms] [/home/yusufbek/Documents/nixos-dots] git worktree list --porcelain [15ms]
2026-09-25 22:26:23.730 [info]    [GIT      16ms] [/home/yusufbek/Documents/nixos-dots] git for-each-ref --format=%1E%(HEAD)%1D%(refname)%1D%(objectname)%1D%(*objectname)%1D%(upstream)%1D%(upstream:track)%1D%(committerdate:iso8601)%1D%(creatordate:iso8601)%1D%(authordate:iso8601)%1D%(subject)%1D%(worktreepath)%1D refs/heads/ refs/remotes/ refs/tags/ refs/replace/ [16ms]
2026-09-25 22:26:25.052 [info]    [GIT      10ms] [/home/yusufbek/Documents/nixos-dots] git ls-files -- hypr/hyprland.conf [10ms]
2026-09-25 22:26:27.063 [info]    [GIT      20ms] [/home/yusufbek/Documents/nixos-dots] git config --global --get-all maintenance.repo [20ms]
2026-09-25 22:26:27.070 [info]    [GIT      28ms] [/home/yusufbek/Documents/nixos-dots] git config --get-regex ^(core\.fsmonitor|core\.untrackedcache|core\.commitgraph|core\.multipackindex|core\.sparsecheckout|core\.sparsecheckoutcone|core\.splitindex|extensions\.refstorage|feature\.manyfiles|index\.sparse|maintenance\.incremental-repack\.auto)$ [28ms]
2026-09-25 22:26:27.071 [info]    [GIT      28ms] [/home/yusufbek/Documents/nixos-dots] git config --local --get-regex ^(extensions\.partialclone|remote\..*\.promisor)$ [28ms]
2026-09-25 22:26:27.072 [info]    [GIT       9ms] [/home/yusufbek/Documents/nixos-dots] git worktree list --porcelain [9ms]
2026-09-25 22:26:27.096 [info]    [GIT      11ms] [/home/yusufbek/Documents/nixos-dots] git config --get-regex ^(core\.fsmonitor|core\.untrackedcache|core\.commitgraph|core\.multipackindex|core\.sparsecheckout|core\.sparsecheckoutcone|core\.splitindex|extensions\.refstorage|feature\.manyfiles|index\.sparse|maintenance\.incremental-repack\.auto)$ [11ms]
2026-09-25 22:26:27.097 [info]    [GIT      23ms] [/home/yusufbek/Documents/nixos-dots] git config --type=bool --get core.commitGraph [23ms]
2026-09-25 22:26:27.097 [info]    [GIT      12ms] [/home/yusufbek/Documents/nixos-dots] git config --local --get-regex ^(extensions\.partialclone|remote\..*\.promisor)$ [12ms]
2026-09-25 22:26:27.097 [info]    [GIT       0ms] [/home/yusufbek/Documents/nixos-dots] git config --local --get-regex ^(extensions\.partialclone|remote\..*\.promisor)$ [0ms] (waiting)
2026-09-25 22:26:27.143 [info]    [GIT      45ms] [/home/yusufbek/Documents/nixos-dots] git commit-graph write --reachable --split --changed-paths --max-new-filters=512 [45ms]
2026-09-25 22:26:27.160 [info]    [GIT      15ms] [/home/yusufbek/Documents/nixos-dots] git config --get-regex ^(core\.fsmonitor|core\.untrackedcache|core\.commitgraph|core\.multipackindex|core\.sparsecheckout|core\.sparsecheckoutcone|core\.splitindex|extensions\.refstorage|feature\.manyfiles|index\.sparse|maintenance\.incremental-repack\.auto)$ [15ms]
2026-09-25 22:26:27.161 [info]    [GIT      15ms] [/home/yusufbek/Documents/nixos-dots] git config --local --get-regex ^(extensions\.partialclone|remote\..*\.promisor)$ [15ms]
2026-09-25 22:26:46.413 [info]    [GIT      13ms] [/home/yusufbek/Documents/nixos-dots] git worktree list --porcelain [13ms]
2026-09-25 22:26:46.413 [info]    [GIT      23ms] [/home/yusufbek/Documents/nixos-dots] git ls-files -- hypr/hyprland.conf [23ms]
2026-09-25 22:26:46.415 [info]    [GIT      15ms] [/home/yusufbek/Documents/nixos-dots] git for-each-ref --format=%1E%(HEAD)%1D%(refname)%1D%(objectname)%1D%(*objectname)%1D%(upstream)%1D%(upstream:track)%1D%(committerdate:iso8601)%1D%(creatordate:iso8601)%1D%(authordate:iso8601)%1D%(subject)%1D%(worktreepath)%1D refs/heads/ refs/remotes/ refs/tags/ refs/replace/ [15ms]
2026-09-25 22:26:48.412 [info]    [GIT      20ms] [/home/yusufbek/Documents/nixos-dots] git config --get-regex ^(core\.fsmonitor|core\.untrackedcache|core\.commitgraph|core\.multipackindex|core\.sparsecheckout|core\.sparsecheckoutcone|core\.splitindex|extensions\.refstorage|feature\.manyfiles|index\.sparse|maintenance\.incremental-repack\.auto)$ [20ms]
2026-09-25 22:26:48.413 [info]    [GIT      21ms] [/home/yusufbek/Documents/nixos-dots] git config --local --get-regex ^(extensions\.partialclone|remote\..*\.promisor)$ [21ms]
2026-09-25 22:26:48.429 [info]    [GIT      13ms] [/home/yusufbek/Documents/nixos-dots] git config --get-regex ^(core\.fsmonitor|core\.untrackedcache|core\.commitgraph|core\.multipackindex|core\.sparsecheckout|core\.sparsecheckoutcone|core\.splitindex|extensions\.refstorage|feature\.manyfiles|index\.sparse|maintenance\.incremental-repack\.auto)$ [13ms]
2026-09-25 22:26:48.430 [info]    [GIT      14ms] [/home/yusufbek/Documents/nixos-dots] git config --local --get-regex ^(extensions\.partialclone|remote\..*\.promisor)$ [14ms]
2026-09-25 22:26:55.569 [info]    [GIT      22ms] [/home/yusufbek/Documents/nixos-dots] git remote -v [22ms]
2026-09-25 22:26:55.589 [info]    [GIT      19ms] [/home/yusufbek/Documents/nixos-dots] git worktree list --porcelain [19ms]
2026-09-25 22:26:55.595 [info]    [GIT      25ms] [/home/yusufbek/Documents/nixos-dots] git for-each-ref --format=%1E%(HEAD)%1D%(refname)%1D%(objectname)%1D%(*objectname)%1D%(upstream)%1D%(upstream:track)%1D%(committerdate:iso8601)%1D%(creatordate:iso8601)%1D%(authordate:iso8601)%1D%(subject)%1D%(worktreepath)%1D refs/heads/ refs/remotes/ refs/tags/ refs/replace/ [25ms]
2026-09-25 22:26:57.588 [info]    [GIT      18ms] [/home/yusufbek/Documents/nixos-dots] git config --global --get-all maintenance.repo [18ms]
2026-09-25 22:26:57.593 [info]    [GIT      22ms] [/home/yusufbek/Documents/nixos-dots] git config --get-regex ^(core\.fsmonitor|core\.untrackedcache|core\.commitgraph|core\.multipackindex|core\.sparsecheckout|core\.sparsecheckoutcone|core\.splitindex|extensions\.refstorage|feature\.manyfiles|index\.sparse|maintenance\.incremental-repack\.auto)$ [22ms]
2026-09-25 22:26:57.593 [info]    [GIT      22ms] [/home/yusufbek/Documents/nixos-dots] git config --local --get-regex ^(extensions\.partialclone|remote\..*\.promisor)$ [22ms]
2026-09-25 22:26:57.594 [info]    [GIT       5ms] [/home/yusufbek/Documents/nixos-dots] git worktree list --porcelain [5ms]
2026-09-25 22:26:57.604 [info]    [GIT       8ms] [/home/yusufbek/Documents/nixos-dots] git config --local --get-regex ^(extensions\.partialclone|remote\..*\.promisor)$ [8ms]
2026-09-25 22:26:57.604 [info]    [GIT       8ms] [/home/yusufbek/Documents/nixos-dots] git config --get-regex ^(core\.fsmonitor|core\.untrackedcache|core\.commitgraph|core\.multipackindex|core\.sparsecheckout|core\.sparsecheckoutcone|core\.splitindex|extensions\.refstorage|feature\.manyfiles|index\.sparse|maintenance\.incremental-repack\.auto)$ [8ms]
