2026-09-25 22:08:55.660 [info] [          6ms] [/home/yusufbek/Documents/nixos-dots] git rev-parse --show-toplevel --git-dir --git-common-dir --show-superproject-working-tree • completed
2026-09-25 22:08:55.683 [info] [         10ms] [/home/yusufbek/Documents/nixos-dots] git for-each-ref --format=%1E%(HEAD)%1D%(refname)%1D%(objectname)%1D%(*objectname)%1D%(upstream)%1D%(upstream:track)%1D%(committerdate:iso8601)%1D%(creatordate:iso8601)%1D%(authordate:iso8601)%1D%(subject)%1D%(worktreepath)%1D refs/heads/ refs/remotes/ refs/tags/ refs/replace/ • completed
2026-09-25 22:08:55.684 [info] [         12ms] [/home/yusufbek/Documents/nixos-dots] git worktree list --porcelain • completed
2026-09-25 22:08:55.684 [info] [         17ms] [/home/yusufbek/Documents/nixos-dots] git remote -v • completed
2026-09-25 22:08:55.699 [info] [         10ms] [/home/yusufbek/Documents/nixos-dots] git config --get-regex ^branch\..*\.gk- • completed
2026-09-25 22:08:55.705 [info] [          4ms] [/home/yusufbek/Documents/nixos-dots] git config --get-regex -f /home/yusufbek/Documents/nixos-dots/.git/gk/config . • completed
2026-09-25 22:08:55.722 [info] [         14ms] [/home/yusufbek/Documents/nixos-dots] git config --local --get-regex ^(extensions\.partialclone|remote\..*\.promisor)$ • completed
2026-09-25 22:08:55.722 [info] [         14ms] [/home/yusufbek/Documents/nixos-dots] git config --global --get-all maintenance.repo • completed
2026-09-25 22:08:55.726 [info] [         19ms] [/home/yusufbek/Documents/nixos-dots] git config --get-regex ^(core\.fsmonitor|core\.untrackedcache|core\.commitgraph|core\.multipackindex|core\.sparsecheckout|core\.sparsecheckoutcone|core\.splitindex|extensions\.refstorage|feature\.manyfiles|index\.sparse|maintenance\.incremental-repack\.auto)$ • completed
2026-09-25 22:08:55.762 [info] [         39ms] [/home/yusufbek/Documents/nixos-dots] git worktree list --porcelain • completed
2026-09-25 22:08:55.807 [info] [         14ms] [/home/yusufbek/Documents/nixos-dots] git config --local --get-regex ^(extensions\.partialclone|remote\..*\.promisor)$ • completed
2026-09-25 22:08:55.808 [info] [         14ms] [/home/yusufbek/Documents/nixos-dots] git config --get-regex ^(core\.fsmonitor|core\.untrackedcache|core\.commitgraph|core\.multipackindex|core\.sparsecheckout|core\.sparsecheckoutcone|core\.splitindex|extensions\.refstorage|feature\.manyfiles|index\.sparse|maintenance\.incremental-repack\.auto)$ • completed
2026-09-25 22:08:55.808 [info] [         19ms] [/home/yusufbek/Documents/nixos-dots] git config --type=bool --get core.commitGraph • completed
2026-09-25 22:08:55.822 [info] [         13ms] [/home/yusufbek/Documents/nixos-dots] git config --local --get-regex ^(extensions\.partialclone|remote\..*\.promisor)$ • completed
2026-09-25 22:08:55.850 [info] [         27ms] [/home/yusufbek/Documents/nixos-dots] git commit-graph write --reachable --split --changed-paths --max-new-filters=512 • completed
2026-09-25 22:08:55.861 [info] [         10ms] [/home/yusufbek/Documents/nixos-dots] git config --get-regex ^(core\.fsmonitor|core\.untrackedcache|core\.commitgraph|core\.multipackindex|core\.sparsecheckout|core\.sparsecheckoutcone|core\.splitindex|extensions\.refstorage|feature\.manyfiles|index\.sparse|maintenance\.incremental-repack\.auto)$ • completed
2026-09-25 22:08:55.864 [info] [         13ms] [/home/yusufbek/Documents/nixos-dots] git config --local --get-regex ^(extensions\.partialclone|remote\..*\.promisor)$ • completed
2026-09-25 22:08:56.321 [info] [          7ms] [/home/yusufbek/Documents/nixos-dots] git worktree list --porcelain • completed
2026-09-25 22:08:56.322 [info] [          8ms] [/home/yusufbek/Documents/nixos-dots] git for-each-ref --format=%1E%(HEAD)%1D%(refname)%1D%(objectname)%1D%(*objectname)%1D%(upstream)%1D%(upstream:track)%1D%(committerdate:iso8601)%1D%(creatordate:iso8601)%1D%(authordate:iso8601)%1D%(subject)%1D%(worktreepath)%1D refs/heads/ refs/remotes/ refs/tags/ refs/replace/ • completed
2026-09-25 22:08:58.328 [info] [         12ms] [/home/yusufbek/Documents/nixos-dots] git config --get-regex ^(core\.fsmonitor|core\.untrackedcache|core\.commitgraph|core\.multipackindex|core\.sparsecheckout|core\.sparsecheckoutcone|core\.splitindex|extensions\.refstorage|feature\.manyfiles|index\.sparse|maintenance\.incremental-repack\.auto)$ • completed
2026-09-25 22:08:58.329 [info] [         13ms] [/home/yusufbek/Documents/nixos-dots] git config --local --get-regex ^(extensions\.partialclone|remote\..*\.promisor)$ • completed
2026-09-25 22:08:58.342 [info] [         10ms] [/home/yusufbek/Documents/nixos-dots] git config --get-regex ^(core\.fsmonitor|core\.untrackedcache|core\.commitgraph|core\.multipackindex|core\.sparsecheckout|core\.sparsecheckoutcone|core\.splitindex|extensions\.refstorage|feature\.manyfiles|index\.sparse|maintenance\.incremental-repack\.auto)$ • completed
2026-09-25 22:08:58.342 [info] [         10ms] [/home/yusufbek/Documents/nixos-dots] git config --local --get-regex ^(extensions\.partialclone|remote\..*\.promisor)$ • completed
2026-09-25 22:09:30.697 [info] [         24ms] [/home/yusufbek/Documents/nixos-dots] git rev-list --max-parents=0 HEAD -- • completed
2026-09-25 22:09:30.699 [info] [         25ms] [/home/yusufbek/Documents/nixos-dots] git remote -v • completed
2026-09-25 22:09:33.285 [info] [          9ms] [/home/yusufbek/Documents/nixos-dots] git remote -v • completed
2026-09-25 22:09:33.302 [info] [         15ms] [/home/yusufbek/Documents/nixos-dots] git worktree list --porcelain • completed
2026-09-25 22:09:33.304 [info] [         17ms] [/home/yusufbek/Documents/nixos-dots] git for-each-ref --format=%1E%(HEAD)%1D%(refname)%1D%(objectname)%1D%(*objectname)%1D%(upstream)%1D%(upstream:track)%1D%(committerdate:iso8601)%1D%(creatordate:iso8601)%1D%(authordate:iso8601)%1D%(subject)%1D%(worktreepath)%1D refs/heads/ refs/remotes/ refs/tags/ refs/replace/ • completed
2026-09-25 22:09:36.854 [info] [         20ms] [/home/yusufbek/Documents/nixos-dots] git config --global --get-all maintenance.repo • completed
2026-09-25 22:09:36.860 [info] [         26ms] [/home/yusufbek/Documents/nixos-dots] git config --get-regex ^(core\.fsmonitor|core\.untrackedcache|core\.commitgraph|core\.multipackindex|core\.sparsecheckout|core\.sparsecheckoutcone|core\.splitindex|extensions\.refstorage|feature\.manyfiles|index\.sparse|maintenance\.incremental-repack\.auto)$ • completed
2026-09-25 22:09:36.861 [info] [         27ms] [/home/yusufbek/Documents/nixos-dots] git config --local --get-regex ^(extensions\.partialclone|remote\..*\.promisor)$ • completed
2026-09-25 22:09:36.861 [info] [          7ms] [/home/yusufbek/Documents/nixos-dots] git worktree list --porcelain • completed
2026-09-25 22:09:36.878 [info] [         14ms] [/home/yusufbek/Documents/nixos-dots] git config --get-regex ^(core\.fsmonitor|core\.untrackedcache|core\.commitgraph|core\.multipackindex|core\.sparsecheckout|core\.sparsecheckoutcone|core\.splitindex|extensions\.refstorage|feature\.manyfiles|index\.sparse|maintenance\.incremental-repack\.auto)$ • completed
2026-09-25 22:09:36.880 [info] [         15ms] [/home/yusufbek/Documents/nixos-dots] git config --local --get-regex ^(extensions\.partialclone|remote\..*\.promisor)$ • completed
2026-09-25 22:09:51.460 [info] [         16ms] [/home/yusufbek/Documents/nixos-dots] git config --get-regex ^(core\.fsmonitor|core\.untrackedcache|core\.commitgraph|core\.multipackindex|core\.sparsecheckout|core\.sparsecheckoutcone|core\.splitindex|extensions\.refstorage|feature\.manyfiles|index\.sparse|maintenance\.incremental-repack\.auto)$ • completed
2026-09-25 22:09:51.461 [info] [         16ms] [/home/yusufbek/Documents/nixos-dots] git config --local --get-regex ^(extensions\.partialclone|remote\..*\.promisor)$ • completed
2026-09-25 22:09:51.478 [info] [         13ms] [/home/yusufbek/Documents/nixos-dots] git config --get-regex ^(core\.fsmonitor|core\.untrackedcache|core\.commitgraph|core\.multipackindex|core\.sparsecheckout|core\.sparsecheckoutcone|core\.splitindex|extensions\.refstorage|feature\.manyfiles|index\.sparse|maintenance\.incremental-repack\.auto)$ • completed
2026-09-25 22:09:51.479 [info] [         13ms] [/home/yusufbek/Documents/nixos-dots] git config --local --get-regex ^(extensions\.partialclone|remote\..*\.promisor)$ • completed
2026-09-25 22:10:19.796 [info] [         13ms] [/home/yusufbek/Documents/nixos-dots] git worktree list --porcelain • completed
2026-09-25 22:10:19.798 [info] [         13ms] [/home/yusufbek/Documents/nixos-dots] git for-each-ref --format=%1E%(HEAD)%1D%(refname)%1D%(objectname)%1D%(*objectname)%1D%(upstream)%1D%(upstream:track)%1D%(committerdate:iso8601)%1D%(creatordate:iso8601)%1D%(authordate:iso8601)%1D%(subject)%1D%(worktreepath)%1D refs/heads/ refs/remotes/ refs/tags/ refs/replace/ • completed
2026-09-25 22:10:21.806 [info] [         20ms] [/home/yusufbek/Documents/nixos-dots] git config --global --get-all maintenance.repo • completed
2026-09-25 22:10:21.811 [info] [         26ms] [/home/yusufbek/Documents/nixos-dots] git config --get-regex ^(core\.fsmonitor|core\.untrackedcache|core\.commitgraph|core\.multipackindex|core\.sparsecheckout|core\.sparsecheckoutcone|core\.splitindex|extensions\.refstorage|feature\.manyfiles|index\.sparse|maintenance\.incremental-repack\.auto)$ • completed
2026-09-25 22:10:21.812 [info] [         26ms] [/home/yusufbek/Documents/nixos-dots] git config --local --get-regex ^(extensions\.partialclone|remote\..*\.promisor)$ • completed
2026-09-25 22:10:21.813 [info] [          6ms] [/home/yusufbek/Documents/nixos-dots] git worktree list --porcelain • completed
2026-09-25 22:10:21.826 [info] [         11ms] [/home/yusufbek/Documents/nixos-dots] git config --get-regex ^(core\.fsmonitor|core\.untrackedcache|core\.commitgraph|core\.multipackindex|core\.sparsecheckout|core\.sparsecheckoutcone|core\.splitindex|extensions\.refstorage|feature\.manyfiles|index\.sparse|maintenance\.incremental-repack\.auto)$ • completed
2026-09-25 22:10:21.827 [info] [         12ms] [/home/yusufbek/Documents/nixos-dots] git config --local --get-regex ^(extensions\.partialclone|remote\..*\.promisor)$ • completed
2026-09-25 22:10:52.652 [info] [          8ms] [/home/yusufbek/Documents/nixos-dots] git remote -v • completed
2026-09-25 22:10:52.665 [info] [         11ms] [/home/yusufbek/Documents/nixos-dots] git worktree list --porcelain • completed
2026-09-25 22:10:52.666 [info] [         12ms] [/home/yusufbek/Documents/nixos-dots] git for-each-ref --format=%1E%(HEAD)%1D%(refname)%1D%(objectname)%1D%(*objectname)%1D%(upstream)%1D%(upstream:track)%1D%(committerdate:iso8601)%1D%(creatordate:iso8601)%1D%(authordate:iso8601)%1D%(subject)%1D%(worktreepath)%1D refs/heads/ refs/remotes/ refs/tags/ refs/replace/ • completed
2026-09-25 22:10:54.685 [info] [         29ms] [/home/yusufbek/Documents/nixos-dots] git config --global --get-all maintenance.repo • completed
2026-09-25 22:10:54.694 [info] [         38ms] [/home/yusufbek/Documents/nixos-dots] git config --get-regex ^(core\.fsmonitor|core\.untrackedcache|core\.commitgraph|core\.multipackindex|core\.sparsecheckout|core\.sparsecheckoutcone|core\.splitindex|extensions\.refstorage|feature\.manyfiles|index\.sparse|maintenance\.incremental-repack\.auto)$ • completed
2026-09-25 22:10:54.695 [info] [         39ms] [/home/yusufbek/Documents/nixos-dots] git config --local --get-regex ^(extensions\.partialclone|remote\..*\.promisor)$ • completed
2026-09-25 22:10:54.696 [info] [         10ms] [/home/yusufbek/Documents/nixos-dots] git worktree list --porcelain • completed
2026-09-25 22:10:54.712 [info] [         13ms] [/home/yusufbek/Documents/nixos-dots] git config --get-regex ^(core\.fsmonitor|core\.untrackedcache|core\.commitgraph|core\.multipackindex|core\.sparsecheckout|core\.sparsecheckoutcone|core\.splitindex|extensions\.refstorage|feature\.manyfiles|index\.sparse|maintenance\.incremental-repack\.auto)$ • completed
2026-09-25 22:10:54.713 [info] [         14ms] [/home/yusufbek/Documents/nixos-dots] git config --local --get-regex ^(extensions\.partialclone|remote\..*\.promisor)$ • completed
2026-09-25 22:11:25.678 [info] [          9ms] [/home/yusufbek/Documents/nixos-dots] git config -f /home/yusufbek/Documents/nixos-dots/.git/gk/config branch.main.gk-last-accessed 2026-09-25T17:11:25.665Z • completed
2026-09-25 22:11:32.721 [info] [         13ms] [/home/yusufbek/Documents/nixos-dots] git config --get-regex -f /home/yusufbek/Documents/nixos-dots/.git/gk/config . • completed
2026-09-25 22:11:33.692 [info] [          6ms] [/home/yusufbek/Documents/nixos-dots] git ls-files -- configuration.nix • completed
2026-09-25 22:11:37.083 [info] [          5ms] [/home/yusufbek/Documents/nixos-dots] git ls-files -- hardware-configuration.nix • completed
2026-09-25 22:12:44.525 [info] [          5ms] [/home/yusufbek/Documents/nixos-dots] git ls-files -- hardware-configuration.nix • completed
2026-09-25 22:12:45.098 [info] [          4ms] [/home/yusufbek/Documents/nixos-dots] git ls-files -- configuration.nix • completed
2026-09-25 22:12:49.795 [info] [          9ms] [/home/yusufbek/Documents/nixos-dots] git config -f /home/yusufbek/Documents/nixos-dots/.git/gk/config branch.main.gk-last-modified 2026-09-25T17:12:49.784Z • completed
2026-09-25 22:12:50.132 [info] [          9ms] [/home/yusufbek/Documents/nixos-dots] git config --get-regex -f /home/yusufbek/Documents/nixos-dots/.git/gk/config . • completed
2026-09-25 22:13:19.863 [info] [         11ms] [/home/yusufbek/Documents/nixos-dots] git remote -v • completed
2026-09-25 22:13:19.883 [info] [         18ms] [/home/yusufbek/Documents/nixos-dots] git worktree list --porcelain • completed
2026-09-25 22:13:19.884 [info] [         18ms] [/home/yusufbek/Documents/nixos-dots] git for-each-ref --format=%1E%(HEAD)%1D%(refname)%1D%(objectname)%1D%(*objectname)%1D%(upstream)%1D%(upstream:track)%1D%(committerdate:iso8601)%1D%(creatordate:iso8601)%1D%(authordate:iso8601)%1D%(subject)%1D%(worktreepath)%1D refs/heads/ refs/remotes/ refs/tags/ refs/replace/ • completed
2026-09-25 22:13:21.135 [info] [         11ms] [/home/yusufbek/Documents/nixos-dots] git ls-files -- configuration.nix • completed
2026-09-25 22:13:21.147 [info] [          8ms] [/home/yusufbek/Documents/nixos-dots] git config --get-regex ^user\.(name|email)$ • completed
2026-09-25 22:13:21.155 [info] [          7ms] [/home/yusufbek/Documents/nixos-dots] git check-mailmap khamidullaevv <yusufbek090110@gmail.com> • completed
2026-09-25 22:13:21.161 [info] [→1           ] (spawn) [/home/yusufbek/Documents/nixos-dots] git blame --root --incremental --encoding=utf-8 -- configuration.nix • starting...
2026-09-25 22:13:21.168 [info] [←1       10ms] (spawn) [/home/yusufbek/Documents/nixos-dots] git blame --root --incremental --encoding=utf-8 -- configuration.nix • completed
2026-09-25 22:13:21.212 [info] [→2           ] (spawn) [/home/yusufbek/Documents/nixos-dots] git blame --root --incremental --encoding=utf-8 HEAD -- configuration.nix • starting...
2026-09-25 22:13:21.213 [info] [          9ms] [/home/yusufbek/Documents/nixos-dots] git status --porcelain=v2 --branch -u --find-renames -- • completed
2026-09-25 22:13:21.217 [error] [         47ms] [/home/yusufbek/Documents/nixos-dots] git show --textconv HEAD:./configuration.nix -- • FAILED
Error: fatal: bad revision 'HEAD:./configuration.nix'
2026-09-25 22:13:21.219 [error] [          5ms] [/home/yusufbek/Documents/nixos-dots] git log --format=%x1E%H%x1D -n2 -L1,1:configuration.nix • FAILED
Error: fatal: There is no path configuration.nix in the commit
2026-09-25 22:13:21.219 [error] [←2       11ms] (spawn) [/home/yusufbek/Documents/nixos-dots] git blame --root --incremental --encoding=utf-8 HEAD -- configuration.nix • FAILED
Error: fatal: no such path configuration.nix in HEAD
2026-09-25 22:13:23.148 [info] [         22ms] [/home/yusufbek/Documents/nixos-dots] git config --global --get-all maintenance.repo • completed
2026-09-25 22:13:23.154 [info] [         28ms] [/home/yusufbek/Documents/nixos-dots] git config --get-regex ^(core\.fsmonitor|core\.untrackedcache|core\.commitgraph|core\.multipackindex|core\.sparsecheckout|core\.sparsecheckoutcone|core\.splitindex|extensions\.refstorage|feature\.manyfiles|index\.sparse|maintenance\.incremental-repack\.auto)$ • completed
2026-09-25 22:13:23.155 [info] [         29ms] [/home/yusufbek/Documents/nixos-dots] git config --local --get-regex ^(extensions\.partialclone|remote\..*\.promisor)$ • completed
2026-09-25 22:13:23.156 [info] [          7ms] [/home/yusufbek/Documents/nixos-dots] git worktree list --porcelain • completed
2026-09-25 22:13:23.170 [info] [         12ms] [/home/yusufbek/Documents/nixos-dots] git config --get-regex ^(core\.fsmonitor|core\.untrackedcache|core\.commitgraph|core\.multipackindex|core\.sparsecheckout|core\.sparsecheckoutcone|core\.splitindex|extensions\.refstorage|feature\.manyfiles|index\.sparse|maintenance\.incremental-repack\.auto)$ • completed
2026-09-25 22:13:23.172 [info] [         13ms] [/home/yusufbek/Documents/nixos-dots] git config --local --get-regex ^(extensions\.partialclone|remote\..*\.promisor)$ • completed
2026-09-25 22:13:42.157 [info] [         11ms] [/home/yusufbek/Documents/nixos-dots] git worktree list --porcelain • completed
2026-09-25 22:13:42.157 [info] [         18ms] [/home/yusufbek/Documents/nixos-dots] git ls-files -- configuration.nix • completed
2026-09-25 22:13:42.160 [info] [         13ms] [/home/yusufbek/Documents/nixos-dots] git for-each-ref --format=%1E%(HEAD)%1D%(refname)%1D%(objectname)%1D%(*objectname)%1D%(upstream)%1D%(upstream:track)%1D%(committerdate:iso8601)%1D%(creatordate:iso8601)%1D%(authordate:iso8601)%1D%(subject)%1D%(worktreepath)%1D refs/heads/ refs/remotes/ refs/tags/ refs/replace/ • completed
2026-09-25 22:13:44.154 [info] [         14ms] [/home/yusufbek/Documents/nixos-dots] git config --get-regex ^(core\.fsmonitor|core\.untrackedcache|core\.commitgraph|core\.multipackindex|core\.sparsecheckout|core\.sparsecheckoutcone|core\.splitindex|extensions\.refstorage|feature\.manyfiles|index\.sparse|maintenance\.incremental-repack\.auto)$ • completed
2026-09-25 22:13:44.154 [info] [         15ms] [/home/yusufbek/Documents/nixos-dots] git config --local --get-regex ^(extensions\.partialclone|remote\..*\.promisor)$ • completed
2026-09-25 22:13:44.169 [info] [         12ms] [/home/yusufbek/Documents/nixos-dots] git config --get-regex ^(core\.fsmonitor|core\.untrackedcache|core\.commitgraph|core\.multipackindex|core\.sparsecheckout|core\.sparsecheckoutcone|core\.splitindex|extensions\.refstorage|feature\.manyfiles|index\.sparse|maintenance\.incremental-repack\.auto)$ • completed
2026-09-25 22:13:44.169 [info] [         12ms] [/home/yusufbek/Documents/nixos-dots] git config --local --get-regex ^(extensions\.partialclone|remote\..*\.promisor)$ • completed
2026-09-25 22:13:46.245 [info] [          8ms] [/home/yusufbek/Documents/nixos-dots] git remote -v • completed
2026-09-25 22:13:46.259 [info] [         13ms] [/home/yusufbek/Documents/nixos-dots] git worktree list --porcelain • completed
2026-09-25 22:13:46.260 [info] [         14ms] [/home/yusufbek/Documents/nixos-dots] git for-each-ref --format=%1E%(HEAD)%1D%(refname)%1D%(objectname)%1D%(*objectname)%1D%(upstream)%1D%(upstream:track)%1D%(committerdate:iso8601)%1D%(creatordate:iso8601)%1D%(authordate:iso8601)%1D%(subject)%1D%(worktreepath)%1D refs/heads/ refs/remotes/ refs/tags/ refs/replace/ • completed
2026-09-25 22:13:48.267 [info] [         19ms] [/home/yusufbek/Documents/nixos-dots] git config --get-regex ^(core\.fsmonitor|core\.untrackedcache|core\.commitgraph|core\.multipackindex|core\.sparsecheckout|core\.sparsecheckoutcone|core\.splitindex|extensions\.refstorage|feature\.manyfiles|index\.sparse|maintenance\.incremental-repack\.auto)$ • completed
2026-09-25 22:13:48.268 [info] [         20ms] [/home/yusufbek/Documents/nixos-dots] git config --local --get-regex ^(extensions\.partialclone|remote\..*\.promisor)$ • completed
2026-09-25 22:13:48.282 [info] [         11ms] [/home/yusufbek/Documents/nixos-dots] git config --get-regex ^(core\.fsmonitor|core\.untrackedcache|core\.commitgraph|core\.multipackindex|core\.sparsecheckout|core\.sparsecheckoutcone|core\.splitindex|extensions\.refstorage|feature\.manyfiles|index\.sparse|maintenance\.incremental-repack\.auto)$ • completed
2026-09-25 22:13:48.283 [info] [         11ms] [/home/yusufbek/Documents/nixos-dots] git config --local --get-regex ^(extensions\.partialclone|remote\..*\.promisor)$ • completed
2026-09-25 22:16:04.329 [info] [          9ms] [/home/yusufbek/Documents/nixos-dots] git remote -v • completed
2026-09-25 22:16:04.346 [info] [         15ms] [/home/yusufbek/Documents/nixos-dots] git worktree list --porcelain • completed
2026-09-25 22:16:04.348 [info] [         17ms] [/home/yusufbek/Documents/nixos-dots] git for-each-ref --format=%1E%(HEAD)%1D%(refname)%1D%(objectname)%1D%(*objectname)%1D%(upstream)%1D%(upstream:track)%1D%(committerdate:iso8601)%1D%(creatordate:iso8601)%1D%(authordate:iso8601)%1D%(subject)%1D%(worktreepath)%1D refs/heads/ refs/remotes/ refs/tags/ refs/replace/ • completed
2026-09-25 22:16:06.072 [info] [          9ms] [/home/yusufbek/Documents/nixos-dots] git ls-files -- configuration.nix • completed
2026-09-25 22:16:08.085 [info] [         22ms] [/home/yusufbek/Documents/nixos-dots] git config --global --get-all maintenance.repo • completed
2026-09-25 22:16:08.091 [info] [         28ms] [/home/yusufbek/Documents/nixos-dots] git config --get-regex ^(core\.fsmonitor|core\.untrackedcache|core\.commitgraph|core\.multipackindex|core\.sparsecheckout|core\.sparsecheckoutcone|core\.splitindex|extensions\.refstorage|feature\.manyfiles|index\.sparse|maintenance\.incremental-repack\.auto)$ • completed
2026-09-25 22:16:08.092 [info] [         28ms] [/home/yusufbek/Documents/nixos-dots] git config --local --get-regex ^(extensions\.partialclone|remote\..*\.promisor)$ • completed
2026-09-25 22:16:08.092 [info] [          6ms] [/home/yusufbek/Documents/nixos-dots] git worktree list --porcelain • completed
2026-09-25 22:16:08.105 [info] [          7ms] [/home/yusufbek/Documents/nixos-dots] git config --local --get-regex ^(extensions\.partialclone|remote\..*\.promisor)$ • completed
2026-09-25 22:16:08.106 [info] [          7ms] [/home/yusufbek/Documents/nixos-dots] git config --get-regex ^(core\.fsmonitor|core\.untrackedcache|core\.commitgraph|core\.multipackindex|core\.sparsecheckout|core\.sparsecheckoutcone|core\.splitindex|extensions\.refstorage|feature\.manyfiles|index\.sparse|maintenance\.incremental-repack\.auto)$ • completed
2026-09-25 22:16:08.106 [info] [         12ms] [/home/yusufbek/Documents/nixos-dots] git config --type=bool --get core.commitGraph • completed
2026-09-25 22:16:08.111 [info] [          5ms] [/home/yusufbek/Documents/nixos-dots] git config --local --get-regex ^(extensions\.partialclone|remote\..*\.promisor)$ • completed
2026-09-25 22:16:08.122 [info] [         10ms] [/home/yusufbek/Documents/nixos-dots] git commit-graph write --reachable --split --changed-paths --max-new-filters=512 • completed
2026-09-25 22:16:08.132 [info] [          8ms] [/home/yusufbek/Documents/nixos-dots] git config --get-regex ^(core\.fsmonitor|core\.untrackedcache|core\.commitgraph|core\.multipackindex|core\.sparsecheckout|core\.sparsecheckoutcone|core\.splitindex|extensions\.refstorage|feature\.manyfiles|index\.sparse|maintenance\.incremental-repack\.auto)$ • completed
2026-09-25 22:16:08.133 [info] [          9ms] [/home/yusufbek/Documents/nixos-dots] git config --local --get-regex ^(extensions\.partialclone|remote\..*\.promisor)$ • completed
2026-09-25 22:16:22.972 [info] [         19ms] [/home/yusufbek/Documents/nixos-dots] git worktree list --porcelain • completed
2026-09-25 22:16:22.972 [info] [         27ms] [/home/yusufbek/Documents/nixos-dots] git ls-files -- configuration.nix • completed
2026-09-25 22:16:22.974 [info] [         19ms] [/home/yusufbek/Documents/nixos-dots] git for-each-ref --format=%1E%(HEAD)%1D%(refname)%1D%(objectname)%1D%(*objectname)%1D%(upstream)%1D%(upstream:track)%1D%(committerdate:iso8601)%1D%(creatordate:iso8601)%1D%(authordate:iso8601)%1D%(subject)%1D%(worktreepath)%1D refs/heads/ refs/remotes/ refs/tags/ refs/replace/ • completed
2026-09-25 22:16:24.953 [info] [          7ms] [/home/yusufbek/Documents/nixos-dots] git config --get-regex ^(core\.fsmonitor|core\.untrackedcache|core\.commitgraph|core\.multipackindex|core\.sparsecheckout|core\.sparsecheckoutcone|core\.splitindex|extensions\.refstorage|feature\.manyfiles|index\.sparse|maintenance\.incremental-repack\.auto)$ • completed
2026-09-25 22:16:24.953 [info] [          8ms] [/home/yusufbek/Documents/nixos-dots] git config --local --get-regex ^(extensions\.partialclone|remote\..*\.promisor)$ • completed
2026-09-25 22:16:24.961 [info] [          7ms] [/home/yusufbek/Documents/nixos-dots] git config --get-regex ^(core\.fsmonitor|core\.untrackedcache|core\.commitgraph|core\.multipackindex|core\.sparsecheckout|core\.sparsecheckoutcone|core\.splitindex|extensions\.refstorage|feature\.manyfiles|index\.sparse|maintenance\.incremental-repack\.auto)$ • completed
2026-09-25 22:16:24.962 [info] [          7ms] [/home/yusufbek/Documents/nixos-dots] git config --local --get-regex ^(extensions\.partialclone|remote\..*\.promisor)$ • completed
2026-09-25 22:16:33.267 [info] [         17ms] [/home/yusufbek/Documents/nixos-dots] git remote -v • completed
2026-09-25 22:16:33.287 [info] [         19ms] [/home/yusufbek/Documents/nixos-dots] git worktree list --porcelain • completed
2026-09-25 22:16:33.296 [info] [         27ms] [/home/yusufbek/Documents/nixos-dots] git for-each-ref --format=%1E%(HEAD)%1D%(refname)%1D%(objectname)%1D%(*objectname)%1D%(upstream)%1D%(upstream:track)%1D%(committerdate:iso8601)%1D%(creatordate:iso8601)%1D%(authordate:iso8601)%1D%(subject)%1D%(worktreepath)%1D refs/heads/ refs/remotes/ refs/tags/ refs/replace/ • completed
2026-09-25 22:16:35.288 [info] [         17ms] [/home/yusufbek/Documents/nixos-dots] git config --local --get-regex ^(extensions\.partialclone|remote\..*\.promisor)$ • completed
2026-09-25 22:16:35.288 [info] [         17ms] [/home/yusufbek/Documents/nixos-dots] git config --get-regex ^(core\.fsmonitor|core\.untrackedcache|core\.commitgraph|core\.multipackindex|core\.sparsecheckout|core\.sparsecheckoutcone|core\.splitindex|extensions\.refstorage|feature\.manyfiles|index\.sparse|maintenance\.incremental-repack\.auto)$ • completed
2026-09-25 22:16:35.301 [info] [         11ms] [/home/yusufbek/Documents/nixos-dots] git config --get-regex ^(core\.fsmonitor|core\.untrackedcache|core\.commitgraph|core\.multipackindex|core\.sparsecheckout|core\.sparsecheckoutcone|core\.splitindex|extensions\.refstorage|feature\.manyfiles|index\.sparse|maintenance\.incremental-repack\.auto)$ • completed
2026-09-25 22:16:35.301 [info] [         11ms] [/home/yusufbek/Documents/nixos-dots] git config --local --get-regex ^(extensions\.partialclone|remote\..*\.promisor)$ • completed
2026-09-25 22:16:37.458 [info] [         11ms] [/home/yusufbek/Documents/nixos-dots] git remote -v • completed
2026-09-25 22:16:37.479 [info] [         18ms] [/home/yusufbek/Documents/nixos-dots] git worktree list --porcelain • completed
2026-09-25 22:16:37.481 [info] [         20ms] [/home/yusufbek/Documents/nixos-dots] git for-each-ref --format=%1E%(HEAD)%1D%(refname)%1D%(objectname)%1D%(*objectname)%1D%(upstream)%1D%(upstream:track)%1D%(committerdate:iso8601)%1D%(creatordate:iso8601)%1D%(authordate:iso8601)%1D%(subject)%1D%(worktreepath)%1D refs/heads/ refs/remotes/ refs/tags/ refs/replace/ • completed
2026-09-25 22:16:38.732 [info] [         10ms] [/home/yusufbek/Documents/nixos-dots] git ls-files -- configuration.nix • completed
2026-09-25 22:16:40.748 [info] [         25ms] [/home/yusufbek/Documents/nixos-dots] git config --global --get-all maintenance.repo • completed
2026-09-25 22:16:40.755 [info] [         32ms] [/home/yusufbek/Documents/nixos-dots] git config --get-regex ^(core\.fsmonitor|core\.untrackedcache|core\.commitgraph|core\.multipackindex|core\.sparsecheckout|core\.sparsecheckoutcone|core\.splitindex|extensions\.refstorage|feature\.manyfiles|index\.sparse|maintenance\.incremental-repack\.auto)$ • completed
2026-09-25 22:16:40.756 [info] [         33ms] [/home/yusufbek/Documents/nixos-dots] git config --local --get-regex ^(extensions\.partialclone|remote\..*\.promisor)$ • completed
2026-09-25 22:16:40.757 [info] [          8ms] [/home/yusufbek/Documents/nixos-dots] git worktree list --porcelain • completed
2026-09-25 22:16:40.768 [info] [          9ms] [/home/yusufbek/Documents/nixos-dots] git config --get-regex ^(core\.fsmonitor|core\.untrackedcache|core\.commitgraph|core\.multipackindex|core\.sparsecheckout|core\.sparsecheckoutcone|core\.splitindex|extensions\.refstorage|feature\.manyfiles|index\.sparse|maintenance\.incremental-repack\.auto)$ • completed
2026-09-25 22:16:40.769 [info] [         10ms] [/home/yusufbek/Documents/nixos-dots] git config --local --get-regex ^(extensions\.partialclone|remote\..*\.promisor)$ • completed
2026-09-25 22:16:47.320 [info] [         13ms] [/home/yusufbek/Documents/nixos-dots] git worktree list --porcelain • completed
2026-09-25 22:16:47.320 [info] [         20ms] [/home/yusufbek/Documents/nixos-dots] git ls-files -- configuration.nix • completed
2026-09-25 22:16:47.321 [info] [         14ms] [/home/yusufbek/Documents/nixos-dots] git for-each-ref --format=%1E%(HEAD)%1D%(refname)%1D%(objectname)%1D%(*objectname)%1D%(upstream)%1D%(upstream:track)%1D%(committerdate:iso8601)%1D%(creatordate:iso8601)%1D%(authordate:iso8601)%1D%(subject)%1D%(worktreepath)%1D refs/heads/ refs/remotes/ refs/tags/ refs/replace/ • completed
2026-09-25 22:16:49.320 [info] [         20ms] [/home/yusufbek/Documents/nixos-dots] git config --get-regex ^(core\.fsmonitor|core\.untrackedcache|core\.commitgraph|core\.multipackindex|core\.sparsecheckout|core\.sparsecheckoutcone|core\.splitindex|extensions\.refstorage|feature\.manyfiles|index\.sparse|maintenance\.incremental-repack\.auto)$ • completed
2026-09-25 22:16:49.321 [info] [         21ms] [/home/yusufbek/Documents/nixos-dots] git config --local --get-regex ^(extensions\.partialclone|remote\..*\.promisor)$ • completed
2026-09-25 22:16:49.342 [info] [         16ms] [/home/yusufbek/Documents/nixos-dots] git config --get-regex ^(core\.fsmonitor|core\.untrackedcache|core\.commitgraph|core\.multipackindex|core\.sparsecheckout|core\.sparsecheckoutcone|core\.splitindex|extensions\.refstorage|feature\.manyfiles|index\.sparse|maintenance\.incremental-repack\.auto)$ • completed
2026-09-25 22:16:49.342 [info] [         17ms] [/home/yusufbek/Documents/nixos-dots] git config --local --get-regex ^(extensions\.partialclone|remote\..*\.promisor)$ • completed
2026-09-25 22:17:00.187 [info] [         22ms] [/home/yusufbek/Documents/nixos-dots] git remote -v • completed
2026-09-25 22:17:00.205 [info] [         18ms] [/home/yusufbek/Documents/nixos-dots] git worktree list --porcelain • completed
2026-09-25 22:17:00.212 [info] [         23ms] [/home/yusufbek/Documents/nixos-dots] git for-each-ref --format=%1E%(HEAD)%1D%(refname)%1D%(objectname)%1D%(*objectname)%1D%(upstream)%1D%(upstream:track)%1D%(committerdate:iso8601)%1D%(creatordate:iso8601)%1D%(authordate:iso8601)%1D%(subject)%1D%(worktreepath)%1D refs/heads/ refs/remotes/ refs/tags/ refs/replace/ • completed
2026-09-25 22:17:02.212 [info] [         21ms] [/home/yusufbek/Documents/nixos-dots] git config --get-regex ^(core\.fsmonitor|core\.untrackedcache|core\.commitgraph|core\.multipackindex|core\.sparsecheckout|core\.sparsecheckoutcone|core\.splitindex|extensions\.refstorage|feature\.manyfiles|index\.sparse|maintenance\.incremental-repack\.auto)$ • completed
2026-09-25 22:17:02.213 [info] [         23ms] [/home/yusufbek/Documents/nixos-dots] git config --local --get-regex ^(extensions\.partialclone|remote\..*\.promisor)$ • completed
2026-09-25 22:17:02.232 [info] [         14ms] [/home/yusufbek/Documents/nixos-dots] git config --get-regex ^(core\.fsmonitor|core\.untrackedcache|core\.commitgraph|core\.multipackindex|core\.sparsecheckout|core\.sparsecheckoutcone|core\.splitindex|extensions\.refstorage|feature\.manyfiles|index\.sparse|maintenance\.incremental-repack\.auto)$ • completed
2026-09-25 22:17:02.233 [info] [         15ms] [/home/yusufbek/Documents/nixos-dots] git config --local --get-regex ^(extensions\.partialclone|remote\..*\.promisor)$ • completed
2026-09-25 22:17:14.706 [info] [          5ms] [/home/yusufbek/Documents/nixos-dots] git ls-files -- hardware-configuration.nix • completed
2026-09-25 22:17:14.711 [info] [          5ms] [/home/yusufbek/Documents/nixos-dots] git config --get-regex ^user\.(name|email)$ • completed
2026-09-25 22:17:14.717 [info] [          5ms] [/home/yusufbek/Documents/nixos-dots] git check-mailmap khamidullaevv <yusufbek090110@gmail.com> • completed
2026-09-25 22:17:14.721 [info] [→3           ] (spawn) [/home/yusufbek/Documents/nixos-dots] git blame --root --incremental --encoding=utf-8 -- hardware-configuration.nix • starting...
2026-09-25 22:17:14.723 [info] [←3        6ms] (spawn) [/home/yusufbek/Documents/nixos-dots] git blame --root --incremental --encoding=utf-8 -- hardware-configuration.nix • completed
2026-09-25 22:17:14.773 [info] [         33ms] [/home/yusufbek/Documents/nixos-dots] git log --format=%x1E%H%x1D%aN%x1D%aE%x1D%at%x1D%cN%x1D%cE%x1D%ct%x1D%P%x1D%D%x1D%B%x1D --numstat --raw -M --use-mailmap -m --no-min-parents -n1 1c3bdd8cfc2fe0fbd1fbe39853d51c2f35b0160e -- • completed
2026-09-25 22:17:14.775 [info] [         43ms] [/home/yusufbek/Documents/nixos-dots] git log --format=%x1E%H%x1D --summary -n1 1c3bdd8cfc2fe0fbd1fbe39853d51c2f35b0160e^ -- hardware-configuration.nix • completed
2026-09-25 22:17:14.783 [info] [         59ms] [/home/yusufbek/Documents/nixos-dots] git show --textconv HEAD:./hardware-configuration.nix -- • completed
2026-09-25 22:17:14.788 [info] [         12ms] [/home/yusufbek/Documents/nixos-dots] git log --format=%x1E%H%x1D --summary -n1 8d33f00feef3edd77dc4c225d1bf11e06487f06b -- • completed
2026-09-25 22:17:21.104 [info] [         10ms] [/home/yusufbek/Documents/nixos-dots] git remote -v • completed
2026-09-25 22:17:21.119 [info] [         14ms] [/home/yusufbek/Documents/nixos-dots] git worktree list --porcelain • completed
2026-09-25 22:17:21.120 [info] [         14ms] [/home/yusufbek/Documents/nixos-dots] git for-each-ref --format=%1E%(HEAD)%1D%(refname)%1D%(objectname)%1D%(*objectname)%1D%(upstream)%1D%(upstream:track)%1D%(committerdate:iso8601)%1D%(creatordate:iso8601)%1D%(authordate:iso8601)%1D%(subject)%1D%(worktreepath)%1D refs/heads/ refs/remotes/ refs/tags/ refs/replace/ • completed
2026-09-25 22:17:22.503 [info] [          9ms] [/home/yusufbek/Documents/nixos-dots] git ls-files -- hardware-configuration.nix • completed
2026-09-25 22:17:24.516 [info] [         20ms] [/home/yusufbek/Documents/nixos-dots] git config --global --get-all maintenance.repo • completed
2026-09-25 22:17:24.522 [info] [         27ms] [/home/yusufbek/Documents/nixos-dots] git config --get-regex ^(core\.fsmonitor|core\.untrackedcache|core\.commitgraph|core\.multipackindex|core\.sparsecheckout|core\.sparsecheckoutcone|core\.splitindex|extensions\.refstorage|feature\.manyfiles|index\.sparse|maintenance\.incremental-repack\.auto)$ • completed
2026-09-25 22:17:24.523 [info] [         28ms] [/home/yusufbek/Documents/nixos-dots] git config --local --get-regex ^(extensions\.partialclone|remote\..*\.promisor)$ • completed
2026-09-25 22:17:24.524 [info] [          8ms] [/home/yusufbek/Documents/nixos-dots] git worktree list --porcelain • completed
2026-09-25 22:17:24.535 [info] [          9ms] [/home/yusufbek/Documents/nixos-dots] git config --get-regex ^(core\.fsmonitor|core\.untrackedcache|core\.commitgraph|core\.multipackindex|core\.sparsecheckout|core\.sparsecheckoutcone|core\.splitindex|extensions\.refstorage|feature\.manyfiles|index\.sparse|maintenance\.incremental-repack\.auto)$ • completed
2026-09-25 22:17:24.536 [info] [         10ms] [/home/yusufbek/Documents/nixos-dots] git config --local --get-regex ^(extensions\.partialclone|remote\..*\.promisor)$ • completed
2026-09-25 22:17:42.758 [info] [         15ms] [/home/yusufbek/Documents/nixos-dots] git worktree list --porcelain • completed
2026-09-25 22:17:42.758 [info] [         23ms] [/home/yusufbek/Documents/nixos-dots] git ls-files -- hardware-configuration.nix • completed
2026-09-25 22:17:42.761 [info] [         17ms] [/home/yusufbek/Documents/nixos-dots] git for-each-ref --format=%1E%(HEAD)%1D%(refname)%1D%(objectname)%1D%(*objectname)%1D%(upstream)%1D%(upstream:track)%1D%(committerdate:iso8601)%1D%(creatordate:iso8601)%1D%(authordate:iso8601)%1D%(subject)%1D%(worktreepath)%1D refs/heads/ refs/remotes/ refs/tags/ refs/replace/ • completed
2026-09-25 22:17:44.753 [info] [         16ms] [/home/yusufbek/Documents/nixos-dots] git config --get-regex ^(core\.fsmonitor|core\.untrackedcache|core\.commitgraph|core\.multipackindex|core\.sparsecheckout|core\.sparsecheckoutcone|core\.splitindex|extensions\.refstorage|feature\.manyfiles|index\.sparse|maintenance\.incremental-repack\.auto)$ • completed
2026-09-25 22:17:44.754 [info] [         17ms] [/home/yusufbek/Documents/nixos-dots] git config --local --get-regex ^(extensions\.partialclone|remote\..*\.promisor)$ • completed
2026-09-25 22:17:44.768 [info] [         12ms] [/home/yusufbek/Documents/nixos-dots] git config --get-regex ^(core\.fsmonitor|core\.untrackedcache|core\.commitgraph|core\.multipackindex|core\.sparsecheckout|core\.sparsecheckoutcone|core\.splitindex|extensions\.refstorage|feature\.manyfiles|index\.sparse|maintenance\.incremental-repack\.auto)$ • completed
2026-09-25 22:17:44.769 [info] [         12ms] [/home/yusufbek/Documents/nixos-dots] git config --local --get-regex ^(extensions\.partialclone|remote\..*\.promisor)$ • completed
2026-09-25 22:17:46.276 [info] [          9ms] [/home/yusufbek/Documents/nixos-dots] git remote -v • completed
2026-09-25 22:17:46.290 [info] [         12ms] [/home/yusufbek/Documents/nixos-dots] git worktree list --porcelain • completed
2026-09-25 22:17:46.291 [info] [         13ms] [/home/yusufbek/Documents/nixos-dots] git for-each-ref --format=%1E%(HEAD)%1D%(refname)%1D%(objectname)%1D%(*objectname)%1D%(upstream)%1D%(upstream:track)%1D%(committerdate:iso8601)%1D%(creatordate:iso8601)%1D%(authordate:iso8601)%1D%(subject)%1D%(worktreepath)%1D refs/heads/ refs/remotes/ refs/tags/ refs/replace/ • completed
2026-09-25 22:17:48.304 [info] [         23ms] [/home/yusufbek/Documents/nixos-dots] git config --get-regex ^(core\.fsmonitor|core\.untrackedcache|core\.commitgraph|core\.multipackindex|core\.sparsecheckout|core\.sparsecheckoutcone|core\.splitindex|extensions\.refstorage|feature\.manyfiles|index\.sparse|maintenance\.incremental-repack\.auto)$ • completed
2026-09-25 22:17:48.306 [info] [         25ms] [/home/yusufbek/Documents/nixos-dots] git config --local --get-regex ^(extensions\.partialclone|remote\..*\.promisor)$ • completed
2026-09-25 22:17:48.326 [info] [         16ms] [/home/yusufbek/Documents/nixos-dots] git config --get-regex ^(core\.fsmonitor|core\.untrackedcache|core\.commitgraph|core\.multipackindex|core\.sparsecheckout|core\.sparsecheckoutcone|core\.splitindex|extensions\.refstorage|feature\.manyfiles|index\.sparse|maintenance\.incremental-repack\.auto)$ • completed
2026-09-25 22:17:48.327 [info] [         16ms] [/home/yusufbek/Documents/nixos-dots] git config --local --get-regex ^(extensions\.partialclone|remote\..*\.promisor)$ • completed
2026-09-25 22:20:12.749 [info] [         12ms] [/home/yusufbek/Documents/nixos-dots] git config -f /home/yusufbek/Documents/nixos-dots/.git/gk/config branch.main.gk-last-accessed 2026-09-25T17:20:12.735Z • completed
2026-09-25 22:20:12.761 [info] [         11ms] [/home/yusufbek/Documents/nixos-dots] git config --get-regex -f /home/yusufbek/Documents/nixos-dots/.git/gk/config . • completed
2026-09-25 22:20:12.774 [info] [         10ms] [/home/yusufbek/Documents/nixos-dots] git config -f /home/yusufbek/Documents/nixos-dots/.git/gk/config branch.main.gk-last-modified 2026-09-25T17:20:12.735Z • completed
2026-09-25 22:24:55.032 [info] [          9ms] [/home/yusufbek/Documents/nixos-dots] git config --get-regex -f /home/yusufbek/Documents/nixos-dots/.git/gk/config . • completed
2026-09-25 22:26:12.286 [info] [          4ms] [/home/yusufbek/Documents/nixos-dots] git ls-files -- hypr/hypridle.conf • completed
2026-09-25 22:26:12.292 [info] [          5ms] [/home/yusufbek/Documents/nixos-dots] git config --get-regex ^user\.(name|email)$ • completed
2026-09-25 22:26:12.297 [info] [          4ms] [/home/yusufbek/Documents/nixos-dots] git check-mailmap khamidullaevv <yusufbek090110@gmail.com> • completed
2026-09-25 22:26:12.301 [info] [→4           ] (spawn) [/home/yusufbek/Documents/nixos-dots] git blame --root --incremental --encoding=utf-8 -- hypr/hypridle.conf • starting...
2026-09-25 22:26:12.303 [info] [←4        6ms] (spawn) [/home/yusufbek/Documents/nixos-dots] git blame --root --incremental --encoding=utf-8 -- hypr/hypridle.conf • completed
2026-09-25 22:26:12.320 [info] [         10ms] [/home/yusufbek/Documents/nixos-dots] git log --format=%x1E%H%x1D --summary -n1 eea833ecbc31fb3b90a0421946ed0f950faef165^ -- hypr/hypridle.conf • completed
2026-09-25 22:26:12.320 [info] [         17ms] [/home/yusufbek/Documents/nixos-dots] git show --textconv HEAD:./hypr/hypridle.conf -- • completed
2026-09-25 22:26:12.321 [info] [          7ms] [/home/yusufbek/Documents/nixos-dots] git log --format=%x1E%H%x1D%aN%x1D%aE%x1D%at%x1D%cN%x1D%cE%x1D%ct%x1D%P%x1D%D%x1D%B%x1D --numstat --raw -M --use-mailmap -m --no-min-parents -n1 eea833ecbc31fb3b90a0421946ed0f950faef165 -- • completed
2026-09-25 22:26:12.684 [info] [          6ms] [/home/yusufbek/Documents/nixos-dots] git ls-files -- hypr/hyprland.conf • completed
2026-09-25 22:26:12.690 [info] [→5           ] (spawn) [/home/yusufbek/Documents/nixos-dots] git blame --root --incremental --encoding=utf-8 -- hypr/hyprland.conf • starting...
2026-09-25 22:26:12.692 [info] [←5        7ms] (spawn) [/home/yusufbek/Documents/nixos-dots] git blame --root --incremental --encoding=utf-8 -- hypr/hyprland.conf • completed
2026-09-25 22:26:12.708 [info] [          7ms] [/home/yusufbek/Documents/nixos-dots] git log --format=%x1E%H%x1D --summary -n1 eea833ecbc31fb3b90a0421946ed0f950faef165^ -- hypr/hyprland.conf • completed
2026-09-25 22:26:12.712 [info] [         19ms] [/home/yusufbek/Documents/nixos-dots] git show --textconv HEAD:./hypr/hyprland.conf -- • completed
2026-09-25 22:26:12.714 [info] [          6ms] [/home/yusufbek/Documents/nixos-dots] git log --format=%x1E%H%x1D --summary -n1 50c2673a199c4fb250ec3753194c6b484f4d5b93 -- • completed
2026-09-25 22:26:23.712 [info] [          9ms] [/home/yusufbek/Documents/nixos-dots] git remote -v • completed
2026-09-25 22:26:23.728 [info] [         15ms] [/home/yusufbek/Documents/nixos-dots] git worktree list --porcelain • completed
2026-09-25 22:26:23.730 [info] [         16ms] [/home/yusufbek/Documents/nixos-dots] git for-each-ref --format=%1E%(HEAD)%1D%(refname)%1D%(objectname)%1D%(*objectname)%1D%(upstream)%1D%(upstream:track)%1D%(committerdate:iso8601)%1D%(creatordate:iso8601)%1D%(authordate:iso8601)%1D%(subject)%1D%(worktreepath)%1D refs/heads/ refs/remotes/ refs/tags/ refs/replace/ • completed
2026-09-25 22:26:25.052 [info] [         10ms] [/home/yusufbek/Documents/nixos-dots] git ls-files -- hypr/hyprland.conf • completed
2026-09-25 22:26:27.063 [info] [         20ms] [/home/yusufbek/Documents/nixos-dots] git config --global --get-all maintenance.repo • completed
2026-09-25 22:26:27.070 [info] [         28ms] [/home/yusufbek/Documents/nixos-dots] git config --get-regex ^(core\.fsmonitor|core\.untrackedcache|core\.commitgraph|core\.multipackindex|core\.sparsecheckout|core\.sparsecheckoutcone|core\.splitindex|extensions\.refstorage|feature\.manyfiles|index\.sparse|maintenance\.incremental-repack\.auto)$ • completed
2026-09-25 22:26:27.071 [info] [         28ms] [/home/yusufbek/Documents/nixos-dots] git config --local --get-regex ^(extensions\.partialclone|remote\..*\.promisor)$ • completed
2026-09-25 22:26:27.072 [info] [          9ms] [/home/yusufbek/Documents/nixos-dots] git worktree list --porcelain • completed
2026-09-25 22:26:27.096 [info] [         11ms] [/home/yusufbek/Documents/nixos-dots] git config --get-regex ^(core\.fsmonitor|core\.untrackedcache|core\.commitgraph|core\.multipackindex|core\.sparsecheckout|core\.sparsecheckoutcone|core\.splitindex|extensions\.refstorage|feature\.manyfiles|index\.sparse|maintenance\.incremental-repack\.auto)$ • completed
2026-09-25 22:26:27.097 [info] [         23ms] [/home/yusufbek/Documents/nixos-dots] git config --type=bool --get core.commitGraph • completed
2026-09-25 22:26:27.097 [info] [         12ms] [/home/yusufbek/Documents/nixos-dots] git config --local --get-regex ^(extensions\.partialclone|remote\..*\.promisor)$ • completed
2026-09-25 22:26:27.097 [info] [          0ms] [/home/yusufbek/Documents/nixos-dots] git config --local --get-regex ^(extensions\.partialclone|remote\..*\.promisor)$ (waiting) • completed
2026-09-25 22:26:27.143 [info] [         45ms] [/home/yusufbek/Documents/nixos-dots] git commit-graph write --reachable --split --changed-paths --max-new-filters=512 • completed
2026-09-25 22:26:27.160 [info] [         15ms] [/home/yusufbek/Documents/nixos-dots] git config --get-regex ^(core\.fsmonitor|core\.untrackedcache|core\.commitgraph|core\.multipackindex|core\.sparsecheckout|core\.sparsecheckoutcone|core\.splitindex|extensions\.refstorage|feature\.manyfiles|index\.sparse|maintenance\.incremental-repack\.auto)$ • completed
2026-09-25 22:26:27.161 [info] [         15ms] [/home/yusufbek/Documents/nixos-dots] git config --local --get-regex ^(extensions\.partialclone|remote\..*\.promisor)$ • completed
2026-09-25 22:26:46.413 [info] [         13ms] [/home/yusufbek/Documents/nixos-dots] git worktree list --porcelain • completed
2026-09-25 22:26:46.413 [info] [         23ms] [/home/yusufbek/Documents/nixos-dots] git ls-files -- hypr/hyprland.conf • completed
2026-09-25 22:26:46.415 [info] [         15ms] [/home/yusufbek/Documents/nixos-dots] git for-each-ref --format=%1E%(HEAD)%1D%(refname)%1D%(objectname)%1D%(*objectname)%1D%(upstream)%1D%(upstream:track)%1D%(committerdate:iso8601)%1D%(creatordate:iso8601)%1D%(authordate:iso8601)%1D%(subject)%1D%(worktreepath)%1D refs/heads/ refs/remotes/ refs/tags/ refs/replace/ • completed
2026-09-25 22:26:48.412 [info] [         20ms] [/home/yusufbek/Documents/nixos-dots] git config --get-regex ^(core\.fsmonitor|core\.untrackedcache|core\.commitgraph|core\.multipackindex|core\.sparsecheckout|core\.sparsecheckoutcone|core\.splitindex|extensions\.refstorage|feature\.manyfiles|index\.sparse|maintenance\.incremental-repack\.auto)$ • completed
2026-09-25 22:26:48.413 [info] [         21ms] [/home/yusufbek/Documents/nixos-dots] git config --local --get-regex ^(extensions\.partialclone|remote\..*\.promisor)$ • completed
2026-09-25 22:26:48.429 [info] [         13ms] [/home/yusufbek/Documents/nixos-dots] git config --get-regex ^(core\.fsmonitor|core\.untrackedcache|core\.commitgraph|core\.multipackindex|core\.sparsecheckout|core\.sparsecheckoutcone|core\.splitindex|extensions\.refstorage|feature\.manyfiles|index\.sparse|maintenance\.incremental-repack\.auto)$ • completed
2026-09-25 22:26:48.430 [info] [         14ms] [/home/yusufbek/Documents/nixos-dots] git config --local --get-regex ^(extensions\.partialclone|remote\..*\.promisor)$ • completed
2026-09-25 22:26:55.569 [info] [         22ms] [/home/yusufbek/Documents/nixos-dots] git remote -v • completed
2026-09-25 22:26:55.589 [info] [         19ms] [/home/yusufbek/Documents/nixos-dots] git worktree list --porcelain • completed
2026-09-25 22:26:55.595 [info] [         25ms] [/home/yusufbek/Documents/nixos-dots] git for-each-ref --format=%1E%(HEAD)%1D%(refname)%1D%(objectname)%1D%(*objectname)%1D%(upstream)%1D%(upstream:track)%1D%(committerdate:iso8601)%1D%(creatordate:iso8601)%1D%(authordate:iso8601)%1D%(subject)%1D%(worktreepath)%1D refs/heads/ refs/remotes/ refs/tags/ refs/replace/ • completed
2026-09-25 22:26:57.588 [info] [         18ms] [/home/yusufbek/Documents/nixos-dots] git config --global --get-all maintenance.repo • completed
2026-09-25 22:26:57.593 [info] [         22ms] [/home/yusufbek/Documents/nixos-dots] git config --get-regex ^(core\.fsmonitor|core\.untrackedcache|core\.commitgraph|core\.multipackindex|core\.sparsecheckout|core\.sparsecheckoutcone|core\.splitindex|extensions\.refstorage|feature\.manyfiles|index\.sparse|maintenance\.incremental-repack\.auto)$ • completed
2026-09-25 22:26:57.593 [info] [         22ms] [/home/yusufbek/Documents/nixos-dots] git config --local --get-regex ^(extensions\.partialclone|remote\..*\.promisor)$ • completed
2026-09-25 22:26:57.594 [info] [          5ms] [/home/yusufbek/Documents/nixos-dots] git worktree list --porcelain • completed
2026-09-25 22:26:57.604 [info] [          8ms] [/home/yusufbek/Documents/nixos-dots] git config --local --get-regex ^(extensions\.partialclone|remote\..*\.promisor)$ • completed
2026-09-25 22:26:57.604 [info] [          8ms] [/home/yusufbek/Documents/nixos-dots] git config --get-regex ^(core\.fsmonitor|core\.untrackedcache|core\.commitgraph|core\.multipackindex|core\.sparsecheckout|core\.sparsecheckoutcone|core\.splitindex|extensions\.refstorage|feature\.manyfiles|index\.sparse|maintenance\.incremental-repack\.auto)$ • completed
