2026-09-25 22:06:58.815 [info] Reading sessions from keychain...
2026-09-25 22:06:58.815 [info] Getting sessions for all scopes...
2026-09-25 22:06:58.826 [info] Got 0 sessions for ...
2026-09-25 22:06:58.826 [info] Getting sessions for all scopes...
2026-09-25 22:06:58.826 [info] Got 0 sessions for ...
2026-09-25 22:06:58.828 [info] Getting sessions for all scopes...
2026-09-25 22:06:58.828 [info] Got 0 sessions for ...
2026-09-25 22:06:58.875 [info] Getting sessions for all scopes...
2026-09-25 22:06:58.875 [info] Got 0 sessions for ...
2026-09-25 22:07:00.682 [info] Getting sessions for all scopes...
2026-09-25 22:07:00.682 [info] Got 0 sessions for ...
2026-09-25 22:11:24.542 [info] Reading sessions from keychain...
2026-09-25 22:11:24.542 [info] Getting sessions for all scopes...
2026-09-25 22:11:24.542 [info] Got stored sessions!
2026-09-25 22:11:24.542 [info] Got 1 verified sessions.
2026-09-25 22:11:24.542 [info] Got 1 sessions for ...
2026-09-25 22:11:24.542 [info] Getting sessions for all scopes...
2026-09-25 22:11:24.542 [info] Got 1 sessions for ...
2026-09-25 22:11:24.542 [info] Getting sessions for all scopes...
2026-09-25 22:11:24.542 [info] Got 1 sessions for ...
2026-09-25 22:11:24.555 [info] Getting sessions for all scopes...
2026-09-25 22:11:24.555 [info] Got 1 sessions for ...
2026-09-25 22:11:26.517 [info] Getting sessions for all scopes...
2026-09-25 22:11:26.517 [info] Got 1 sessions for ...
2026-09-25 22:11:34.611 [info] Getting sessions for all scopes...
2026-09-25 22:11:34.611 [info] Got 1 sessions for ...
2026-09-25 22:11:34.613 [info] Getting sessions for all scopes...
2026-09-25 22:11:34.613 [info] Got 1 sessions for ...
2026-09-25 22:15:19.767 [info] Getting sessions for all scopes...
2026-09-25 22:15:19.767 [info] Got 1 sessions for ...
2026-09-25 22:15:19.853 [info] Getting sessions for all scopes...
2026-09-25 22:15:19.854 [info] Got 1 sessions for ...
2026-09-25 22:15:19.855 [info] Getting sessions for all scopes...
2026-09-25 22:15:19.855 [info] Got 1 sessions for ...
2026-09-25 22:15:31.181 [info] Reading sessions from keychain...
2026-09-25 22:15:31.181 [info] Getting sessions for all scopes...
2026-09-25 22:15:31.181 [info] Got stored sessions!
2026-09-25 22:15:31.181 [info] Got 1 verified sessions.
2026-09-25 22:15:31.181 [info] Got 1 sessions for ...
2026-09-25 22:15:31.181 [info] Getting sessions for all scopes...
2026-09-25 22:15:31.181 [info] Got 1 sessions for ...
2026-09-25 22:15:31.181 [info] Getting sessions for all scopes...
2026-09-25 22:15:31.181 [info] Got 1 sessions for ...
2026-09-25 22:15:31.181 [info] Getting sessions for all scopes...
2026-09-25 22:15:31.181 [info] Got 1 sessions for ...
2026-09-25 22:15:31.181 [info] Getting sessions for all scopes...
2026-09-25 22:15:31.181 [info] Got 1 sessions for ...
2026-09-25 22:15:31.181 [info] Getting sessions for all scopes...
2026-09-25 22:15:31.181 [info] Got 1 sessions for ...
2026-09-25 22:15:31.475 [info] Getting sessions for all scopes...
2026-09-25 22:15:31.475 [info] Got 1 sessions for ...
2026-09-25 22:15:31.570 [info] Getting sessions for all scopes...
2026-09-25 22:15:31.570 [info] Got 1 sessions for ...
2026-09-25 22:15:32.930 [info] Getting sessions for all scopes...
2026-09-25 22:15:32.930 [info] Got 1 sessions for ...
2026-09-25 22:15:32.939 [info] Getting sessions for all scopes...
2026-09-25 22:15:32.939 [info] Got 1 sessions for ...
2026-09-25 22:15:45.746 [info] Getting sessions for all scopes...
2026-09-25 22:15:45.746 [info] Got 1 sessions for ...
2026-09-25 22:15:45.747 [info] Getting sessions for all scopes...
2026-09-25 22:15:45.748 [info] Got 1 sessions for ...
2026-09-25 22:15:54.087 [info] Getting sessions for all scopes...
2026-09-25 22:15:54.087 [info] Got 1 sessions for ...
2026-09-25 22:15:54.089 [info] Getting sessions for all scopes...
2026-09-25 22:15:54.089 [info] Got 1 sessions for ...
2026-09-25 22:16:26.619 [info] Getting sessions for all scopes...
2026-09-25 22:16:26.619 [info] Got 1 sessions for ...
2026-09-25 22:16:26.621 [info] Getting sessions for all scopes...
2026-09-25 22:16:26.621 [info] Got 1 sessions for ...
2026-09-25 22:17:01.095 [info] Getting sessions for all scopes...
2026-09-25 22:17:01.095 [info] Got 1 sessions for ...
2026-09-25 22:17:01.096 [info] Getting sessions for all scopes...
2026-09-25 22:17:01.096 [info] Got 1 sessions for ...
2026-09-25 22:17:07.534 [info] Getting sessions for all scopes...
2026-09-25 22:17:07.534 [info] Got 1 sessions for ...
2026-09-25 22:17:07.535 [info] Getting sessions for all scopes...
2026-09-25 22:17:07.535 [info] Got 1 sessions for ...
2026-09-25 22:17:16.206 [info] Getting sessions for all scopes...
2026-09-25 22:17:16.207 [info] Got 1 sessions for ...
2026-09-25 22:17:16.208 [info] Getting sessions for all scopes...
2026-09-25 22:17:16.208 [info] Got 1 sessions for ...
2026-09-25 22:18:22.269 [info] Getting sessions for all scopes...
2026-09-25 22:18:22.269 [info] Got 1 sessions for ...
2026-09-25 22:18:22.274 [info] Getting sessions for all scopes...
2026-09-25 22:18:22.274 [info] Got 1 sessions for ...
2026-09-25 22:24:55.628 [info] Getting sessions for all scopes...
2026-09-25 22:24:55.628 [info] Got 1 sessions for ...
2026-09-25 22:24:55.629 [info] Getting sessions for all scopes...
2026-09-25 22:24:55.629 [info] Got 1 sessions for ...
2026-09-25 22:25:01.758 [info] Getting sessions for all scopes...
2026-09-25 22:25:01.758 [info] Got 1 sessions for ...
2026-09-25 22:25:01.760 [info] Getting sessions for all scopes...
2026-09-25 22:25:01.760 [info] Got 1 sessions for ...
2026-09-25 22:26:48.246 [info] Getting sessions for all scopes...
2026-09-25 22:26:48.246 [info] Got 1 sessions for ...
2026-09-25 22:26:48.247 [info] Getting sessions for all scopes...
2026-09-25 22:26:48.248 [info] Got 1 sessions for ...
2026-09-25 22:26:56.058 [info] Getting sessions for all scopes...
2026-09-25 22:26:56.058 [info] Got 1 sessions for ...
2026-09-25 22:26:56.059 [info] Getting sessions for all scopes...
2026-09-25 22:26:56.059 [info] Got 1 sessions for ...
